17:07:56:579 [13952] | INFO  | Initializing crosire's ReShade version '6.7.3.2150' (64-bit) loaded from 'D:\FCCReborn_1.5\bin\OPENGL32.DLL' into 'D:\FCCReborn_1.5\bin\FCC.exe' (0x9CFA1C17) ...
17:07:56:585 [13952] | INFO  | Registering hooks for 'user32.dll' ...
17:07:56:596 [13952] | INFO  | > Libraries loaded.
17:07:56:600 [13952] | INFO  | > Found 21 match(es). Installing ...
17:07:56:686 [13952] | INFO  | Registering hooks for 'C:\Windows\system32\dinput.dll' ...
17:07:56:734 [13952] | INFO  | > Delayed.
17:07:56:737 [13952] | INFO  | Registering hooks for 'C:\Windows\system32\dinput8.dll' ...
17:07:56:743 [13952] | INFO  | > Libraries loaded.
17:07:56:746 [13952] | INFO  | > Found 2 match(es). Installing ...
17:07:56:819 [13952] | INFO  | Registering hooks for 'ws2_32.dll' ...
17:07:56:822 [13952] | INFO  | > Libraries loaded.
17:07:56:826 [13952] | INFO  | > Found 8 match(es). Installing ...
17:07:56:899 [13952] | INFO  | Registering hooks for 'C:\Windows\system32\opengl32.dll' ...
17:07:56:902 [13952] | INFO  | > Delayed until first call to an exported function.
17:07:56:905 [13952] | INFO  | Registering hooks for 'openvr_api.dll' ...
17:07:56:909 [13952] | INFO  | > Delayed.
17:07:56:915 [13952] | INFO  | Initialized.
17:07:56:927 [13952] | INFO  | Redirecting wglChoosePixelFormat(hdc = FFFFFFFFCA011586, ppfd = 0000001CD0BFED90) ...
17:07:56:933 [13952] | INFO  | > Dumping pixel format descriptor:
17:07:56:935 [13952] | INFO  |   +-----------------------------------------+-----------------------------------------+
17:07:56:942 [13952] | INFO  |   | Name                                    | Value                                   |
17:07:56:946 [13952] | INFO  |   +-----------------------------------------+-----------------------------------------+
17:07:56:952 [13952] | INFO  |   | Flags                                   | 0x25                                    |
17:07:56:955 [13952] | INFO  |   | ColorBits                               | 24                                      |
17:07:56:962 [13952] | INFO  |   | DepthBits                               | 8                                       |
17:07:56:966 [13952] | INFO  |   | StencilBits                             | 8                                       |
17:07:56:973 [13952] | INFO  |   +-----------------------------------------+-----------------------------------------+
17:07:56:977 [13952] | INFO  | Installing export hooks for 'C:\Windows\system32\opengl32.dll' ...
17:07:56:986 [13952] | INFO  | > Found 360 match(es). Installing ...
17:07:57:175 [13952] | INFO  | Returning pixel format: 5
17:07:57:178 [13952] | INFO  | Redirecting wglSetPixelFormat(hdc = FFFFFFFFCA011586, iPixelFormat = 5, ppfd = 0000001CD0BFED90) ...
17:07:57:182 [13952] | INFO  | Searching for add-ons (*.addon, *.addon64) in 'D:\FCCReborn_1.5\bin' ...
17:07:57:188 [13952] | INFO  | Redirecting wglCreateContext(hdc = FFFFFFFFCA011586) ...
17:07:57:193 [13952] | INFO  | > Passing on to wglCreateLayerContext:
17:07:57:198 [13952] | INFO  | Redirecting wglCreateLayerContext(hdc = FFFFFFFFCA011586, iLayerPlane = 0) ...
17:07:57:355 [13952] | INFO  | Searching for add-ons (*.addon, *.addon64) in 'D:\FCCReborn_1.5\bin' ...
17:07:57:360 [13952] | WARN  | Window class style of window 0000000000580720 is missing 'CS_OWNDC' flag.
17:07:57:364 [13952] | INFO  | Redirecting wglDeleteContext(hglrc = 0000000000010000) ...
17:07:57:441 [13952] | INFO  | Redirecting wglChoosePixelFormat(hdc = 0000000001010032, ppfd = 0000001CD0BFEBE0) ...
17:07:57:444 [13952] | INFO  | > Dumping pixel format descriptor:
17:07:57:447 [13952] | INFO  |   +-----------------------------------------+-----------------------------------------+
17:07:57:453 [13952] | INFO  |   | Name                                    | Value                                   |
17:07:57:458 [13952] | INFO  |   +-----------------------------------------+-----------------------------------------+
17:07:57:465 [13952] | INFO  |   | Flags                                   | 0x25                                    |
17:07:57:470 [13952] | INFO  |   | ColorBits                               | 24                                      |
17:07:57:478 [13952] | INFO  |   | DepthBits                               | 8                                       |
17:07:57:482 [13952] | INFO  |   | StencilBits                             | 8                                       |
17:07:57:486 [13952] | INFO  |   +-----------------------------------------+-----------------------------------------+
17:07:57:493 [13952] | INFO  | Returning pixel format: 5
17:07:57:498 [13952] | INFO  | Redirecting wglSetPixelFormat(hdc = 0000000001010032, iPixelFormat = 5, ppfd = 0000001CD0BFEBE0) ...
17:07:57:505 [13952] | INFO  | Searching for add-ons (*.addon, *.addon64) in 'D:\FCCReborn_1.5\bin' ...
17:07:57:512 [13952] | INFO  | Redirecting wglCreateContext(hdc = 0000000001010032) ...
17:07:57:517 [13952] | INFO  | > Passing on to wglCreateLayerContext:
17:07:57:521 [13952] | INFO  | Redirecting wglCreateLayerContext(hdc = 0000000001010032, iLayerPlane = 0) ...
17:07:57:562 [13952] | INFO  | Searching for add-ons (*.addon, *.addon64) in 'D:\FCCReborn_1.5\bin' ...
17:07:57:568 [13952] | WARN  | Window class style of window 000000000032089E is missing 'CS_OWNDC' flag.
17:07:57:577 [13952] | INFO  | Redirecting wglChoosePixelFormatARB(hdc = 0000000001010032, piAttribIList = 0000001CD0BFEC90, pfAttribFList = 0000001CD0BFEDA0, nMaxFormats = 1, piFormats = 0000001CD0BFEC40, nNumFormats = 0000001CD0BFEC58) ...
17:07:57:581 [13952] | INFO  | > Dumping attributes:
17:07:57:588 [13952] | INFO  |   +-----------------------------------------+-----------------------------------------+
17:07:57:593 [13952] | INFO  |   | Attribute                               | Value                                   |
17:07:57:599 [13952] | INFO  |   +-----------------------------------------+-----------------------------------------+
17:07:57:603 [13952] | INFO  |   | WGL_DRAW_TO_WINDOW_ARB                  | TRUE                                    |
17:07:57:611 [13952] | INFO  |   | WGL_RED_BITS_ARB                        | 8                                       |
17:07:57:618 [13952] | INFO  |   | WGL_GREEN_BITS_ARB                      | 8                                       |
17:07:57:626 [13952] | INFO  |   | WGL_BLUE_BITS_ARB                       | 8                                       |
17:07:57:634 [13952] | INFO  |   | WGL_ALPHA_BITS_ARB                      | 8                                       |
17:07:57:641 [13952] | INFO  |   | WGL_DOUBLE_BUFFER_ARB                   | TRUE                                    |
17:07:57:645 [13952] | INFO  |   | WGL_DEPTH_BITS_ARB                      | 8                                       |
17:07:57:651 [13952] | INFO  |   | WGL_STENCIL_BITS_ARB                    | 8                                       |
17:07:57:655 [13952] | INFO  |   | WGL_ACCELERATION_ARB                    | 0x2027                                  |
17:07:57:662 [13952] | INFO  |   +-----------------------------------------+-----------------------------------------+
17:07:57:669 [13952] | INFO  | Returning pixel format(s): 5
17:07:57:675 [13952] | INFO  | Redirecting wglDeleteContext(hglrc = 0000000000020000) ...
17:07:57:744 [13952] | INFO  | Redirecting wglSetPixelFormat(hdc = 000000000D0113EA, iPixelFormat = 5, ppfd = 0000001CD0BFEC60) ...
17:07:57:747 [13952] | INFO  | Searching for add-ons (*.addon, *.addon64) in 'D:\FCCReborn_1.5\bin' ...
17:07:57:788 [13952] | INFO  | Redirecting wglCreateContext(hdc = 000000000D0113EA) ...
17:07:57:791 [13952] | INFO  | > Passing on to wglCreateLayerContext:
17:07:57:795 [13952] | INFO  | Redirecting wglCreateLayerContext(hdc = 000000000D0113EA, iLayerPlane = 0) ...
17:07:57:855 [13952] | INFO  | Searching for add-ons (*.addon, *.addon64) in 'D:\FCCReborn_1.5\bin' ...
17:07:57:859 [13952] | WARN  | Window class style of window 0000000000590720 is missing 'CS_OWNDC' flag.
17:07:57:936 [13952] | INFO  | Resizing device context 000000000D0113EA to 1280x720 ...
17:07:57:941 [13952] | INFO  | Running on Intel(R) UHD Graphics 600.
17:07:58:356 [13952] | INFO  | Recreated runtime environment on runtime 000001DC12C5CA90 ('D:\FCCReborn_1.5\bin\ReShade.ini').
17:07:58:451 [15520] | INFO  | Successfully compiled 'D:\FCCReborn_1.5\bin\reshade-shaders\Shaders\SweetFX\ASCII.fx' in 0.068000 s.
17:07:58:487 [15520] | INFO  | Successfully compiled 'D:\FCCReborn_1.5\bin\reshade-shaders\Shaders\SweetFX\Border.fx' in 0.032000 s.
17:07:58:519 [15520] | INFO  | Successfully compiled 'D:\FCCReborn_1.5\bin\reshade-shaders\Shaders\SweetFX\Cartoon.fx' in 0.028000 s.
17:07:58:554 [15520] | INFO  | Successfully compiled 'D:\FCCReborn_1.5\bin\reshade-shaders\Shaders\SweetFX\CAS.fx' in 0.032000 s.
17:07:58:587 [15520] | INFO  | Successfully compiled 'D:\FCCReborn_1.5\bin\reshade-shaders\Shaders\SweetFX\ChromaticAberration.fx' in 0.029000 s.
17:07:58:618 [15520] | INFO  | Successfully compiled 'D:\FCCReborn_1.5\bin\reshade-shaders\Shaders\SweetFX\ColorMatrix.fx' in 0.025000 s.
17:07:58:687 [15520] | INFO  | Successfully compiled 'D:\FCCReborn_1.5\bin\reshade-shaders\Shaders\SweetFX\Compare.fx' in 0.066000 s.
17:07:58:739 [15520] | INFO  | Successfully compiled 'D:\FCCReborn_1.5\bin\reshade-shaders\Shaders\SweetFX\CRT.fx' in 0.048000 s.
17:07:58:777 [15520] | INFO  | Successfully compiled 'D:\FCCReborn_1.5\bin\reshade-shaders\Shaders\SweetFX\Curves.fx' in 0.035000 s.
17:07:58:820 [15520] | INFO  | Successfully compiled 'D:\FCCReborn_1.5\bin\reshade-shaders\Shaders\SweetFX\DPX.fx' in 0.038000 s.
17:07:58:859 [15520] | INFO  | Successfully compiled 'D:\FCCReborn_1.5\bin\reshade-shaders\Shaders\SweetFX\FakeHDR.fx' in 0.036000 s.
17:07:58:901 [15520] | INFO  | Successfully compiled 'D:\FCCReborn_1.5\bin\reshade-shaders\Shaders\SweetFX\FilmGrain.fx' in 0.038000 s.
17:07:58:958 [15520] | INFO  | Successfully compiled 'D:\FCCReborn_1.5\bin\reshade-shaders\Shaders\SweetFX\FXAA.fx' in 0.052000 s.
17:07:58:992 [15520] | INFO  | Successfully compiled 'D:\FCCReborn_1.5\bin\reshade-shaders\Shaders\SweetFX\Layer.fx' in 0.031000 s.
17:07:59:026 [15520] | INFO  | Successfully compiled 'D:\FCCReborn_1.5\bin\reshade-shaders\Shaders\SweetFX\Levels.fx' in 0.029000 s.
17:07:59:057 [15520] | INFO  | Successfully compiled 'D:\FCCReborn_1.5\bin\reshade-shaders\Shaders\SweetFX\LiftGammaGain.fx' in 0.027000 s.
17:07:59:101 [15520] | INFO  | Successfully compiled 'D:\FCCReborn_1.5\bin\reshade-shaders\Shaders\SweetFX\LumaSharpen.fx' in 0.039000 s.
17:07:59:137 [15520] | INFO  | Successfully compiled 'D:\FCCReborn_1.5\bin\reshade-shaders\Shaders\SweetFX\Monochrome.fx' in 0.032000 s.
17:07:59:191 [15520] | INFO  | Successfully compiled 'D:\FCCReborn_1.5\bin\reshade-shaders\Shaders\SweetFX\Nostalgia.fx' in 0.049000 s.
17:07:59:226 [15520] | INFO  | Successfully compiled 'D:\FCCReborn_1.5\bin\reshade-shaders\Shaders\SweetFX\Sepia.fx' in 0.032000 s.
17:07:59:396 [15520] | INFO  | Successfully compiled 'D:\FCCReborn_1.5\bin\reshade-shaders\Shaders\SweetFX\SMAA.fx' in 0.166000 s.
17:07:59:461 [15520] | INFO  | Successfully compiled 'D:\FCCReborn_1.5\bin\reshade-shaders\Shaders\SweetFX\Splitscreen.fx' in 0.062000 s.
17:07:59:505 [15520] | INFO  | Successfully compiled 'D:\FCCReborn_1.5\bin\reshade-shaders\Shaders\SweetFX\Technicolor.fx' in 0.041000 s.
17:07:59:555 [15520] | INFO  | Successfully compiled 'D:\FCCReborn_1.5\bin\reshade-shaders\Shaders\SweetFX\Technicolor2.fx' in 0.046000 s.
17:07:59:635 [15520] | INFO  | Successfully compiled 'D:\FCCReborn_1.5\bin\reshade-shaders\Shaders\SweetFX\Tonemap.fx' in 0.076000 s.
17:07:59:673 [15520] | INFO  | Successfully compiled 'D:\FCCReborn_1.5\bin\reshade-shaders\Shaders\SweetFX\Vibrance.fx' in 0.034000 s.
17:07:59:712 [15520] | INFO  | Successfully compiled 'D:\FCCReborn_1.5\bin\reshade-shaders\Shaders\SweetFX\Vignette.fx' in 0.035000 s.
17:07:59:772 [15520] | INFO  | Successfully compiled 'D:\FCCReborn_1.5\bin\reshade-shaders\Shaders\AdaptiveSharpen.fx' in 0.055000 s.
17:07:59:880 [15520] | INFO  | Successfully compiled 'D:\FCCReborn_1.5\bin\reshade-shaders\Shaders\AmbientLight.fx' in 0.105000 s.
17:07:59:924 [15520] | INFO  | Successfully compiled 'D:\FCCReborn_1.5\bin\reshade-shaders\Shaders\Colourfulness.fx' in 0.040000 s.
17:07:59:981 [15520] | INFO  | Successfully compiled 'D:\FCCReborn_1.5\bin\reshade-shaders\Shaders\Denoise.fx' in 0.055000 s.
17:08:00:325 [15520] | INFO  | Successfully compiled 'D:\FCCReborn_1.5\bin\reshade-shaders\Shaders\DOF.fx' in 0.340000 s.
17:08:00:386 [15520] | INFO  | Successfully compiled 'D:\FCCReborn_1.5\bin\reshade-shaders\Shaders\FakeMotionBlur.fx' in 0.058000 s.
17:08:00:446 [15520] | INFO  | Successfully compiled 'D:\FCCReborn_1.5\bin\reshade-shaders\Shaders\FilmGrain2.fx' in 0.057000 s.
17:08:00:500 [15520] | INFO  | Successfully compiled 'D:\FCCReborn_1.5\bin\reshade-shaders\Shaders\FilmicPass.fx' in 0.050000 s.
17:08:00:622 [15520] | INFO  | Successfully compiled 'D:\FCCReborn_1.5\bin\reshade-shaders\Shaders\FineSharp.fx' in 0.119000 s.
17:08:00:693 [15520] | INFO  | Successfully compiled 'D:\FCCReborn_1.5\bin\reshade-shaders\Shaders\GaussianBlur.fx' in 0.067000 s.
17:08:00:755 [15520] | INFO  | Successfully compiled 'D:\FCCReborn_1.5\bin\reshade-shaders\Shaders\Glitch.fx' in 0.059000 s.
17:08:00:829 [15520] | INFO  | Successfully compiled 'D:\FCCReborn_1.5\bin\reshade-shaders\Shaders\HighPassSharpen.fx' in 0.071000 s.
17:08:00:895 [15520] | INFO  | Successfully compiled 'D:\FCCReborn_1.5\bin\reshade-shaders\Shaders\HQ4X.fx' in 0.062000 s.
17:08:00:952 [15520] | INFO  | Successfully compiled 'D:\FCCReborn_1.5\bin\reshade-shaders\Shaders\HSLShift.fx' in 0.052000 s.
17:08:01:056 [15520] | INFO  | Successfully compiled 'D:\FCCReborn_1.5\bin\reshade-shaders\Shaders\LevelsPlus.fx' in 0.101000 s.
17:08:01:206 [15520] | INFO  | Successfully compiled 'D:\FCCReborn_1.5\bin\reshade-shaders\Shaders\LightDoF.fx' in 0.142000 s.
17:08:01:460 [15520] | INFO  | Successfully compiled 'D:\FCCReborn_1.5\bin\reshade-shaders\Shaders\MagicBloom.fx' in 0.246000 s.
17:08:01:519 [15520] | INFO  | Successfully compiled 'D:\FCCReborn_1.5\bin\reshade-shaders\Shaders\NightVision.fx' in 0.056000 s.
17:08:01:568 [15520] | INFO  | Successfully compiled 'D:\FCCReborn_1.5\bin\reshade-shaders\Shaders\ReflectiveBumpMapping.fx' in 0.044000 s.
17:08:01:694 [15520] | INFO  | Successfully compiled 'D:\FCCReborn_1.5\bin\reshade-shaders\Shaders\FXShaders\AdaptiveTonemapper.fx' in 0.120000 s.
17:08:01:954 [15520] | INFO  | Successfully compiled 'D:\FCCReborn_1.5\bin\reshade-shaders\Shaders\FXShaders\ArcaneBloom.fx' in 0.256000 s.
17:08:01:992 [15520] | INFO  | Successfully compiled 'D:\FCCReborn_1.5\bin\reshade-shaders\Shaders\FXShaders\ArtisticVignette.fx' in 0.034000 s.
17:08:02:028 [15520] | INFO  | Successfully compiled 'D:\FCCReborn_1.5\bin\reshade-shaders\Shaders\FXShaders\AspectRatioSuite.fx' in 0.032000 s.
17:08:02:061 [15520] | INFO  | Successfully compiled 'D:\FCCReborn_1.5\bin\reshade-shaders\Shaders\FXShaders\Checkerboard.fx' in 0.029000 s.
17:08:02:099 [15520] | INFO  | Successfully compiled 'D:\FCCReborn_1.5\bin\reshade-shaders\Shaders\FXShaders\ColorLab.fx' in 0.034000 s.
17:08:02:151 [15520] | INFO  | Successfully compiled 'D:\FCCReborn_1.5\bin\reshade-shaders\Shaders\FXShaders\CRT_Lottes.fx' in 0.047000 s.
17:08:02:186 [15520] | INFO  | Successfully compiled 'D:\FCCReborn_1.5\bin\reshade-shaders\Shaders\FXShaders\CRT_Yee64.fx' in 0.032000 s.
17:08:02:222 [15520] | INFO  | Successfully compiled 'D:\FCCReborn_1.5\bin\reshade-shaders\Shaders\FXShaders\CRT_Yeetron.fx' in 0.032000 s.
17:08:02:256 [15520] | INFO  | Successfully compiled 'D:\FCCReborn_1.5\bin\reshade-shaders\Shaders\FXShaders\Cursor.fx' in 0.029000 s.
17:08:02:295 [15520] | INFO  | Successfully compiled 'D:\FCCReborn_1.5\bin\reshade-shaders\Shaders\FXShaders\DepthAlpha.fx' in 0.035000 s.
17:08:02:328 [15520] | INFO  | Successfully compiled 'D:\FCCReborn_1.5\bin\reshade-shaders\Shaders\FXShaders\Dither.fx' in 0.030000 s.
17:08:02:367 [15520] | INFO  | Successfully compiled 'D:\FCCReborn_1.5\bin\reshade-shaders\Shaders\FXShaders\Flashlight.fx' in 0.035000 s.
17:08:02:399 [15520] | INFO  | Successfully compiled 'D:\FCCReborn_1.5\bin\reshade-shaders\Shaders\FXShaders\FlexibleCA.fx' in 0.029000 s.
17:08:02:487 [15520] | INFO  | Successfully compiled 'D:\FCCReborn_1.5\bin\reshade-shaders\Shaders\FXShaders\FocalDOF.fx' in 0.079000 s.
17:08:02:559 [15520] | INFO  | Successfully compiled 'D:\FCCReborn_1.5\bin\reshade-shaders\Shaders\FXShaders\FramerateLimiter.fx' in 0.069000 s.
17:08:02:657 [15520] | INFO  | Successfully compiled 'D:\FCCReborn_1.5\bin\reshade-shaders\Shaders\FXShaders\HexLensFlare.fx' in 0.095000 s.
17:08:02:780 [13952] | INFO  | Resizing device context 000000000D0113EA to 559x341 ...
17:08:02:797 [15520] | INFO  | Successfully compiled 'D:\FCCReborn_1.5\bin\reshade-shaders\Shaders\FXShaders\LiquidLens.fx' in 0.137000 s.
17:08:02:814 [13952] | INFO  | Destroyed runtime environment on runtime 000001DC12C5CA90 ('D:\FCCReborn_1.5\bin\ReShade.ini').
17:08:02:836 [13952] | INFO  | Recreated runtime environment on runtime 000001DC12C5CA90 ('D:\FCCReborn_1.5\bin\ReShade.ini').
17:08:02:937 [12124] | INFO  | Successfully compiled 'D:\FCCReborn_1.5\bin\reshade-shaders\Shaders\SweetFX\ASCII.fx' in 0.092000 s.
17:08:02:984 [12124] | INFO  | Successfully compiled 'D:\FCCReborn_1.5\bin\reshade-shaders\Shaders\SweetFX\Border.fx' in 0.043000 s.
17:08:03:029 [12124] | INFO  | Successfully compiled 'D:\FCCReborn_1.5\bin\reshade-shaders\Shaders\SweetFX\Cartoon.fx' in 0.040000 s.
17:08:03:079 [12124] | INFO  | Successfully compiled 'D:\FCCReborn_1.5\bin\reshade-shaders\Shaders\SweetFX\CAS.fx' in 0.044000 s.
17:08:03:149 [12124] | INFO  | Successfully compiled 'D:\FCCReborn_1.5\bin\reshade-shaders\Shaders\SweetFX\ChromaticAberration.fx' in 0.066000 s.
17:08:03:203 [12124] | INFO  | Successfully compiled 'D:\FCCReborn_1.5\bin\reshade-shaders\Shaders\SweetFX\ColorMatrix.fx' in 0.048000 s.
17:08:03:276 [12124] | INFO  | Successfully compiled 'D:\FCCReborn_1.5\bin\reshade-shaders\Shaders\SweetFX\Compare.fx' in 0.069000 s.
17:08:03:344 [12124] | INFO  | Successfully compiled 'D:\FCCReborn_1.5\bin\reshade-shaders\Shaders\SweetFX\CRT.fx' in 0.064000 s.
17:08:03:403 [12124] | INFO  | Successfully compiled 'D:\FCCReborn_1.5\bin\reshade-shaders\Shaders\SweetFX\Curves.fx' in 0.056000 s.
17:08:03:454 [12124] | INFO  | Successfully compiled 'D:\FCCReborn_1.5\bin\reshade-shaders\Shaders\SweetFX\DPX.fx' in 0.046000 s.
17:08:03:502 [12124] | INFO  | Successfully compiled 'D:\FCCReborn_1.5\bin\reshade-shaders\Shaders\SweetFX\FakeHDR.fx' in 0.044000 s.
17:08:03:548 [12124] | INFO  | Successfully compiled 'D:\FCCReborn_1.5\bin\reshade-shaders\Shaders\SweetFX\FilmGrain.fx' in 0.041000 s.
17:08:03:645 [12124] | INFO  | Successfully compiled 'D:\FCCReborn_1.5\bin\reshade-shaders\Shaders\SweetFX\FXAA.fx' in 0.092000 s.
17:08:03:691 [12124] | INFO  | Successfully compiled 'D:\FCCReborn_1.5\bin\reshade-shaders\Shaders\SweetFX\Layer.fx' in 0.041000 s.
17:08:03:738 [12124] | INFO  | Successfully compiled 'D:\FCCReborn_1.5\bin\reshade-shaders\Shaders\SweetFX\Levels.fx' in 0.042000 s.
17:08:03:778 [12124] | INFO  | Successfully compiled 'D:\FCCReborn_1.5\bin\reshade-shaders\Shaders\SweetFX\LiftGammaGain.fx' in 0.035000 s.
17:08:03:834 [12124] | INFO  | Successfully compiled 'D:\FCCReborn_1.5\bin\reshade-shaders\Shaders\SweetFX\LumaSharpen.fx' in 0.051000 s.
17:08:03:882 [12124] | INFO  | Successfully compiled 'D:\FCCReborn_1.5\bin\reshade-shaders\Shaders\SweetFX\Monochrome.fx' in 0.044000 s.
17:08:03:947 [12124] | INFO  | Successfully compiled 'D:\FCCReborn_1.5\bin\reshade-shaders\Shaders\SweetFX\Nostalgia.fx' in 0.060000 s.
17:08:03:990 [12124] | INFO  | Successfully compiled 'D:\FCCReborn_1.5\bin\reshade-shaders\Shaders\SweetFX\Sepia.fx' in 0.040000 s.
17:08:04:164 [12124] | INFO  | Successfully compiled 'D:\FCCReborn_1.5\bin\reshade-shaders\Shaders\SweetFX\SMAA.fx' in 0.169000 s.
17:08:04:224 [12124] | INFO  | Successfully compiled 'D:\FCCReborn_1.5\bin\reshade-shaders\Shaders\SweetFX\Splitscreen.fx' in 0.055000 s.
17:08:04:275 [12124] | INFO  | Successfully compiled 'D:\FCCReborn_1.5\bin\reshade-shaders\Shaders\SweetFX\Technicolor.fx' in 0.048000 s.
17:08:04:327 [12124] | INFO  | Successfully compiled 'D:\FCCReborn_1.5\bin\reshade-shaders\Shaders\SweetFX\Technicolor2.fx' in 0.047000 s.
17:08:04:373 [12124] | INFO  | Successfully compiled 'D:\FCCReborn_1.5\bin\reshade-shaders\Shaders\SweetFX\Tonemap.fx' in 0.040000 s.
17:08:04:415 [12124] | INFO  | Successfully compiled 'D:\FCCReborn_1.5\bin\reshade-shaders\Shaders\SweetFX\Vibrance.fx' in 0.038000 s.
17:08:04:473 [12124] | INFO  | Successfully compiled 'D:\FCCReborn_1.5\bin\reshade-shaders\Shaders\SweetFX\Vignette.fx' in 0.052000 s.
17:08:04:564 [12124] | INFO  | Successfully compiled 'D:\FCCReborn_1.5\bin\reshade-shaders\Shaders\AdaptiveSharpen.fx' in 0.088000 s.
17:08:04:693 [12124] | INFO  | Successfully compiled 'D:\FCCReborn_1.5\bin\reshade-shaders\Shaders\AmbientLight.fx' in 0.124000 s.
17:08:04:745 [12124] | INFO  | Successfully compiled 'D:\FCCReborn_1.5\bin\reshade-shaders\Shaders\Colourfulness.fx' in 0.049000 s.
17:08:04:799 [12124] | INFO  | Successfully compiled 'D:\FCCReborn_1.5\bin\reshade-shaders\Shaders\Denoise.fx' in 0.050000 s.
17:08:05:041 [12124] | INFO  | Successfully compiled 'D:\FCCReborn_1.5\bin\reshade-shaders\Shaders\DOF.fx' in 0.237000 s.
17:08:05:102 [12124] | INFO  | Successfully compiled 'D:\FCCReborn_1.5\bin\reshade-shaders\Shaders\FakeMotionBlur.fx' in 0.058000 s.
17:08:05:157 [12124] | INFO  | Successfully compiled 'D:\FCCReborn_1.5\bin\reshade-shaders\Shaders\FilmGrain2.fx' in 0.051000 s.
17:08:05:211 [12124] | INFO  | Successfully compiled 'D:\FCCReborn_1.5\bin\reshade-shaders\Shaders\FilmicPass.fx' in 0.050000 s.
17:08:05:332 [12124] | INFO  | Successfully compiled 'D:\FCCReborn_1.5\bin\reshade-shaders\Shaders\FineSharp.fx' in 0.116000 s.
17:08:05:413 [12124] | INFO  | Successfully compiled 'D:\FCCReborn_1.5\bin\reshade-shaders\Shaders\GaussianBlur.fx' in 0.077000 s.
17:08:05:485 [12124] | INFO  | Successfully compiled 'D:\FCCReborn_1.5\bin\reshade-shaders\Shaders\Glitch.fx' in 0.067000 s.
17:08:05:563 [12124] | INFO  | Successfully compiled 'D:\FCCReborn_1.5\bin\reshade-shaders\Shaders\HighPassSharpen.fx' in 0.075000 s.
17:08:05:613 [12124] | INFO  | Successfully compiled 'D:\FCCReborn_1.5\bin\reshade-shaders\Shaders\HQ4X.fx' in 0.045000 s.
17:08:05:668 [12124] | INFO  | Successfully compiled 'D:\FCCReborn_1.5\bin\reshade-shaders\Shaders\HSLShift.fx' in 0.051000 s.
17:08:05:725 [12124] | INFO  | Successfully compiled 'D:\FCCReborn_1.5\bin\reshade-shaders\Shaders\LevelsPlus.fx' in 0.051000 s.
17:08:05:841 [12124] | INFO  | Successfully compiled 'D:\FCCReborn_1.5\bin\reshade-shaders\Shaders\LightDoF.fx' in 0.113000 s.
17:08:05:892 [13952] | INFO  | Resizing device context 000000000D0113EA to 589x341 ...
17:08:06:013 [12124] | INFO  | Successfully compiled 'D:\FCCReborn_1.5\bin\reshade-shaders\Shaders\MagicBloom.fx' in 0.168000 s.
17:08:06:025 [13952] | INFO  | Destroyed runtime environment on runtime 000001DC12C5CA90 ('D:\FCCReborn_1.5\bin\ReShade.ini').
17:08:06:047 [13952] | INFO  | Recreated runtime environment on runtime 000001DC12C5CA90 ('D:\FCCReborn_1.5\bin\ReShade.ini').
17:08:06:106 [18160] | INFO  | Successfully compiled 'D:\FCCReborn_1.5\bin\reshade-shaders\Shaders\SweetFX\ASCII.fx' in 0.051000 s.
17:08:06:139 [18160] | INFO  | Successfully compiled 'D:\FCCReborn_1.5\bin\reshade-shaders\Shaders\SweetFX\Border.fx' in 0.030000 s.
17:08:06:173 [18160] | INFO  | Successfully compiled 'D:\FCCReborn_1.5\bin\reshade-shaders\Shaders\SweetFX\Cartoon.fx' in 0.030000 s.
17:08:06:219 [18160] | INFO  | Successfully compiled 'D:\FCCReborn_1.5\bin\reshade-shaders\Shaders\SweetFX\CAS.fx' in 0.041000 s.
17:08:06:256 [18160] | INFO  | Successfully compiled 'D:\FCCReborn_1.5\bin\reshade-shaders\Shaders\SweetFX\ChromaticAberration.fx' in 0.035000 s.
17:08:06:289 [18160] | INFO  | Successfully compiled 'D:\FCCReborn_1.5\bin\reshade-shaders\Shaders\SweetFX\ColorMatrix.fx' in 0.028000 s.
17:08:06:355 [18160] | INFO  | Successfully compiled 'D:\FCCReborn_1.5\bin\reshade-shaders\Shaders\SweetFX\Compare.fx' in 0.062000 s.
17:08:06:405 [18160] | INFO  | Successfully compiled 'D:\FCCReborn_1.5\bin\reshade-shaders\Shaders\SweetFX\CRT.fx' in 0.047000 s.
17:08:06:455 [18160] | INFO  | Successfully compiled 'D:\FCCReborn_1.5\bin\reshade-shaders\Shaders\SweetFX\Curves.fx' in 0.046000 s.
17:08:06:488 [18160] | INFO  | Successfully compiled 'D:\FCCReborn_1.5\bin\reshade-shaders\Shaders\SweetFX\DPX.fx' in 0.030000 s.
17:08:06:540 [18160] | INFO  | Successfully compiled 'D:\FCCReborn_1.5\bin\reshade-shaders\Shaders\SweetFX\FakeHDR.fx' in 0.049000 s.
17:08:06:576 [18160] | INFO  | Successfully compiled 'D:\FCCReborn_1.5\bin\reshade-shaders\Shaders\SweetFX\FilmGrain.fx' in 0.032000 s.
17:08:06:643 [18160] | INFO  | Successfully compiled 'D:\FCCReborn_1.5\bin\reshade-shaders\Shaders\SweetFX\FXAA.fx' in 0.063000 s.
17:08:06:675 [18160] | INFO  | Successfully compiled 'D:\FCCReborn_1.5\bin\reshade-shaders\Shaders\SweetFX\Layer.fx' in 0.028000 s.
17:08:06:707 [18160] | INFO  | Successfully compiled 'D:\FCCReborn_1.5\bin\reshade-shaders\Shaders\SweetFX\Levels.fx' in 0.029000 s.
17:08:06:741 [18160] | INFO  | Successfully compiled 'D:\FCCReborn_1.5\bin\reshade-shaders\Shaders\SweetFX\LiftGammaGain.fx' in 0.029000 s.
17:08:06:787 [18160] | INFO  | Successfully compiled 'D:\FCCReborn_1.5\bin\reshade-shaders\Shaders\SweetFX\LumaSharpen.fx' in 0.043000 s.
17:08:06:826 [18160] | INFO  | Successfully compiled 'D:\FCCReborn_1.5\bin\reshade-shaders\Shaders\SweetFX\Monochrome.fx' in 0.034000 s.
17:08:06:880 [18160] | INFO  | Successfully compiled 'D:\FCCReborn_1.5\bin\reshade-shaders\Shaders\SweetFX\Nostalgia.fx' in 0.051000 s.
17:08:06:918 [18160] | INFO  | Successfully compiled 'D:\FCCReborn_1.5\bin\reshade-shaders\Shaders\SweetFX\Sepia.fx' in 0.036000 s.
17:08:07:052 [18160] | INFO  | Successfully compiled 'D:\FCCReborn_1.5\bin\reshade-shaders\Shaders\SweetFX\SMAA.fx' in 0.129000 s.
17:08:07:196 [18160] | INFO  | Successfully compiled 'D:\FCCReborn_1.5\bin\reshade-shaders\Shaders\SweetFX\Splitscreen.fx' in 0.141000 s.
17:08:07:229 [18160] | INFO  | Successfully compiled 'D:\FCCReborn_1.5\bin\reshade-shaders\Shaders\SweetFX\Technicolor.fx' in 0.031000 s.
17:08:07:262 [18160] | INFO  | Successfully compiled 'D:\FCCReborn_1.5\bin\reshade-shaders\Shaders\SweetFX\Technicolor2.fx' in 0.029000 s.
17:08:07:299 [18160] | INFO  | Successfully compiled 'D:\FCCReborn_1.5\bin\reshade-shaders\Shaders\SweetFX\Tonemap.fx' in 0.032000 s.
17:08:07:336 [18160] | INFO  | Successfully compiled 'D:\FCCReborn_1.5\bin\reshade-shaders\Shaders\SweetFX\Vibrance.fx' in 0.034000 s.
17:08:07:377 [18160] | INFO  | Successfully compiled 'D:\FCCReborn_1.5\bin\reshade-shaders\Shaders\SweetFX\Vignette.fx' in 0.036000 s.
17:08:07:449 [18160] | INFO  | Successfully compiled 'D:\FCCReborn_1.5\bin\reshade-shaders\Shaders\AdaptiveSharpen.fx' in 0.068000 s.
17:08:07:561 [18160] | INFO  | Successfully compiled 'D:\FCCReborn_1.5\bin\reshade-shaders\Shaders\AmbientLight.fx' in 0.109000 s.
17:08:07:602 [18160] | INFO  | Successfully compiled 'D:\FCCReborn_1.5\bin\reshade-shaders\Shaders\Colourfulness.fx' in 0.039000 s.
17:08:07:651 [18160] | INFO  | Successfully compiled 'D:\FCCReborn_1.5\bin\reshade-shaders\Shaders\Denoise.fx' in 0.045000 s.
17:08:07:884 [18160] | INFO  | Successfully compiled 'D:\FCCReborn_1.5\bin\reshade-shaders\Shaders\DOF.fx' in 0.230000 s.
17:08:07:934 [18160] | INFO  | Successfully compiled 'D:\FCCReborn_1.5\bin\reshade-shaders\Shaders\FakeMotionBlur.fx' in 0.047000 s.
17:08:07:983 [18160] | INFO  | Successfully compiled 'D:\FCCReborn_1.5\bin\reshade-shaders\Shaders\FilmGrain2.fx' in 0.045000 s.
17:08:08:027 [18160] | INFO  | Successfully compiled 'D:\FCCReborn_1.5\bin\reshade-shaders\Shaders\FilmicPass.fx' in 0.040000 s.
17:08:08:138 [18160] | INFO  | Successfully compiled 'D:\FCCReborn_1.5\bin\reshade-shaders\Shaders\FineSharp.fx' in 0.108000 s.
17:08:08:233 [18160] | INFO  | Successfully compiled 'D:\FCCReborn_1.5\bin\reshade-shaders\Shaders\GaussianBlur.fx' in 0.091000 s.
17:08:08:282 [18160] | INFO  | Successfully compiled 'D:\FCCReborn_1.5\bin\reshade-shaders\Shaders\Glitch.fx' in 0.047000 s.
17:08:08:361 [18160] | INFO  | Successfully compiled 'D:\FCCReborn_1.5\bin\reshade-shaders\Shaders\HighPassSharpen.fx' in 0.076000 s.
17:08:08:408 [18160] | INFO  | Successfully compiled 'D:\FCCReborn_1.5\bin\reshade-shaders\Shaders\HQ4X.fx' in 0.043000 s.
17:08:08:457 [18160] | INFO  | Successfully compiled 'D:\FCCReborn_1.5\bin\reshade-shaders\Shaders\HSLShift.fx' in 0.045000 s.
17:08:08:559 [18160] | INFO  | Successfully compiled 'D:\FCCReborn_1.5\bin\reshade-shaders\Shaders\LevelsPlus.fx' in 0.098000 s.
17:08:08:647 [18160] | INFO  | Successfully compiled 'D:\FCCReborn_1.5\bin\reshade-shaders\Shaders\LightDoF.fx' in 0.085000 s.
17:08:08:819 [18160] | INFO  | Successfully compiled 'D:\FCCReborn_1.5\bin\reshade-shaders\Shaders\MagicBloom.fx' in 0.169000 s.
17:08:08:863 [18160] | INFO  | Successfully compiled 'D:\FCCReborn_1.5\bin\reshade-shaders\Shaders\NightVision.fx' in 0.040000 s.
17:08:08:947 [18160] | INFO  | Successfully compiled 'D:\FCCReborn_1.5\bin\reshade-shaders\Shaders\ReflectiveBumpMapping.fx' in 0.079000 s.
17:08:09:047 [18160] | INFO  | Successfully compiled 'D:\FCCReborn_1.5\bin\reshade-shaders\Shaders\FXShaders\AdaptiveTonemapper.fx' in 0.095000 s.
17:08:09:309 [18160] | INFO  | Successfully compiled 'D:\FCCReborn_1.5\bin\reshade-shaders\Shaders\FXShaders\ArcaneBloom.fx' in 0.260000 s.
17:08:09:357 [18160] | INFO  | Successfully compiled 'D:\FCCReborn_1.5\bin\reshade-shaders\Shaders\FXShaders\ArtisticVignette.fx' in 0.045000 s.
17:08:09:409 [18160] | INFO  | Successfully compiled 'D:\FCCReborn_1.5\bin\reshade-shaders\Shaders\FXShaders\AspectRatioSuite.fx' in 0.047000 s.
17:08:09:455 [18160] | INFO  | Successfully compiled 'D:\FCCReborn_1.5\bin\reshade-shaders\Shaders\FXShaders\Checkerboard.fx' in 0.041000 s.
17:08:09:517 [18160] | INFO  | Successfully compiled 'D:\FCCReborn_1.5\bin\reshade-shaders\Shaders\FXShaders\ColorLab.fx' in 0.057000 s.
17:08:09:626 [18160] | INFO  | Successfully compiled 'D:\FCCReborn_1.5\bin\reshade-shaders\Shaders\FXShaders\CRT_Lottes.fx' in 0.104000 s.
17:08:09:686 [18160] | INFO  | Successfully compiled 'D:\FCCReborn_1.5\bin\reshade-shaders\Shaders\FXShaders\CRT_Yee64.fx' in 0.057000 s.
17:08:09:741 [18160] | INFO  | Successfully compiled 'D:\FCCReborn_1.5\bin\reshade-shaders\Shaders\FXShaders\CRT_Yeetron.fx' in 0.052000 s.
17:08:09:807 [13952] | INFO  | Resizing device context 000000000D0113EA to 589x331 ...
17:08:09:821 [18160] | INFO  | Successfully compiled 'D:\FCCReborn_1.5\bin\reshade-shaders\Shaders\FXShaders\Cursor.fx' in 0.077000 s.
17:08:09:832 [13952] | INFO  | Destroyed runtime environment on runtime 000001DC12C5CA90 ('D:\FCCReborn_1.5\bin\ReShade.ini').
17:08:09:855 [13952] | INFO  | Recreated runtime environment on runtime 000001DC12C5CA90 ('D:\FCCReborn_1.5\bin\ReShade.ini').
17:08:09:907 [17372] | INFO  | Successfully compiled 'D:\FCCReborn_1.5\bin\reshade-shaders\Shaders\SweetFX\ASCII.fx' in 0.045000 s.
17:08:09:946 [17372] | INFO  | Successfully compiled 'D:\FCCReborn_1.5\bin\reshade-shaders\Shaders\SweetFX\Border.fx' in 0.036000 s.
17:08:09:981 [17372] | INFO  | Successfully compiled 'D:\FCCReborn_1.5\bin\reshade-shaders\Shaders\SweetFX\Cartoon.fx' in 0.031000 s.
17:08:10:018 [17372] | INFO  | Successfully compiled 'D:\FCCReborn_1.5\bin\reshade-shaders\Shaders\SweetFX\CAS.fx' in 0.033000 s.
17:08:10:054 [17372] | INFO  | Successfully compiled 'D:\FCCReborn_1.5\bin\reshade-shaders\Shaders\SweetFX\ChromaticAberration.fx' in 0.032000 s.
17:08:10:091 [17372] | INFO  | Successfully compiled 'D:\FCCReborn_1.5\bin\reshade-shaders\Shaders\SweetFX\ColorMatrix.fx' in 0.034000 s.
17:08:10:163 [17372] | INFO  | Successfully compiled 'D:\FCCReborn_1.5\bin\reshade-shaders\Shaders\SweetFX\Compare.fx' in 0.068000 s.
17:08:10:219 [17372] | INFO  | Successfully compiled 'D:\FCCReborn_1.5\bin\reshade-shaders\Shaders\SweetFX\CRT.fx' in 0.053000 s.
17:08:10:261 [17372] | INFO  | Successfully compiled 'D:\FCCReborn_1.5\bin\reshade-shaders\Shaders\SweetFX\Curves.fx' in 0.040000 s.
17:08:10:295 [17372] | INFO  | Successfully compiled 'D:\FCCReborn_1.5\bin\reshade-shaders\Shaders\SweetFX\DPX.fx' in 0.031000 s.
17:08:10:337 [17372] | INFO  | Successfully compiled 'D:\FCCReborn_1.5\bin\reshade-shaders\Shaders\SweetFX\FakeHDR.fx' in 0.038000 s.
17:08:10:372 [17372] | INFO  | Successfully compiled 'D:\FCCReborn_1.5\bin\reshade-shaders\Shaders\SweetFX\FilmGrain.fx' in 0.033000 s.
17:08:10:447 [17372] | INFO  | Successfully compiled 'D:\FCCReborn_1.5\bin\reshade-shaders\Shaders\SweetFX\FXAA.fx' in 0.070000 s.
17:08:10:484 [17372] | INFO  | Successfully compiled 'D:\FCCReborn_1.5\bin\reshade-shaders\Shaders\SweetFX\Layer.fx' in 0.032000 s.
17:08:10:517 [17372] | INFO  | Successfully compiled 'D:\FCCReborn_1.5\bin\reshade-shaders\Shaders\SweetFX\Levels.fx' in 0.030000 s.
17:08:10:559 [17372] | INFO  | Successfully compiled 'D:\FCCReborn_1.5\bin\reshade-shaders\Shaders\SweetFX\LiftGammaGain.fx' in 0.038000 s.
17:08:10:602 [17372] | INFO  | Successfully compiled 'D:\FCCReborn_1.5\bin\reshade-shaders\Shaders\SweetFX\LumaSharpen.fx' in 0.040000 s.
17:08:10:636 [17372] | INFO  | Successfully compiled 'D:\FCCReborn_1.5\bin\reshade-shaders\Shaders\SweetFX\Monochrome.fx' in 0.031000 s.
17:08:10:690 [17372] | INFO  | Successfully compiled 'D:\FCCReborn_1.5\bin\reshade-shaders\Shaders\SweetFX\Nostalgia.fx' in 0.051000 s.
17:08:10:722 [17372] | INFO  | Successfully compiled 'D:\FCCReborn_1.5\bin\reshade-shaders\Shaders\SweetFX\Sepia.fx' in 0.029000 s.
17:08:10:837 [17372] | INFO  | Successfully compiled 'D:\FCCReborn_1.5\bin\reshade-shaders\Shaders\SweetFX\SMAA.fx' in 0.112000 s.
17:08:10:883 [17372] | INFO  | Successfully compiled 'D:\FCCReborn_1.5\bin\reshade-shaders\Shaders\SweetFX\Splitscreen.fx' in 0.041000 s.
17:08:10:911 [17372] | INFO  | Successfully compiled 'D:\FCCReborn_1.5\bin\reshade-shaders\Shaders\SweetFX\Technicolor.fx' in 0.026000 s.
17:08:10:946 [17372] | INFO  | Successfully compiled 'D:\FCCReborn_1.5\bin\reshade-shaders\Shaders\SweetFX\Technicolor2.fx' in 0.031000 s.
17:08:10:983 [17372] | INFO  | Successfully compiled 'D:\FCCReborn_1.5\bin\reshade-shaders\Shaders\SweetFX\Tonemap.fx' in 0.033000 s.
17:08:11:025 [17372] | INFO  | Successfully compiled 'D:\FCCReborn_1.5\bin\reshade-shaders\Shaders\SweetFX\Vibrance.fx' in 0.038000 s.
17:08:11:074 [17372] | INFO  | Successfully compiled 'D:\FCCReborn_1.5\bin\reshade-shaders\Shaders\SweetFX\Vignette.fx' in 0.046000 s.
17:08:11:145 [17372] | INFO  | Successfully compiled 'D:\FCCReborn_1.5\bin\reshade-shaders\Shaders\AdaptiveSharpen.fx' in 0.067000 s.
17:08:11:339 [17372] | INFO  | Successfully compiled 'D:\FCCReborn_1.5\bin\reshade-shaders\Shaders\AmbientLight.fx' in 0.191000 s.
17:08:11:378 [17372] | INFO  | Successfully compiled 'D:\FCCReborn_1.5\bin\reshade-shaders\Shaders\Colourfulness.fx' in 0.036000 s.
17:08:11:422 [17372] | INFO  | Successfully compiled 'D:\FCCReborn_1.5\bin\reshade-shaders\Shaders\Denoise.fx' in 0.040000 s.
17:08:11:681 [17372] | INFO  | Successfully compiled 'D:\FCCReborn_1.5\bin\reshade-shaders\Shaders\DOF.fx' in 0.256000 s.
17:08:11:726 [17372] | INFO  | Successfully compiled 'D:\FCCReborn_1.5\bin\reshade-shaders\Shaders\FakeMotionBlur.fx' in 0.042000 s.
17:08:11:768 [17372] | INFO  | Successfully compiled 'D:\FCCReborn_1.5\bin\reshade-shaders\Shaders\FilmGrain2.fx' in 0.039000 s.
17:08:11:813 [17372] | INFO  | Successfully compiled 'D:\FCCReborn_1.5\bin\reshade-shaders\Shaders\FilmicPass.fx' in 0.042000 s.
17:08:11:913 [17372] | INFO  | Successfully compiled 'D:\FCCReborn_1.5\bin\reshade-shaders\Shaders\FineSharp.fx' in 0.098000 s.
17:08:11:973 [17372] | INFO  | Successfully compiled 'D:\FCCReborn_1.5\bin\reshade-shaders\Shaders\GaussianBlur.fx' in 0.057000 s.
17:08:12:019 [17372] | INFO  | Successfully compiled 'D:\FCCReborn_1.5\bin\reshade-shaders\Shaders\Glitch.fx' in 0.043000 s.
17:08:12:062 [17372] | INFO  | Successfully compiled 'D:\FCCReborn_1.5\bin\reshade-shaders\Shaders\HighPassSharpen.fx' in 0.040000 s.
17:08:12:105 [17372] | INFO  | Successfully compiled 'D:\FCCReborn_1.5\bin\reshade-shaders\Shaders\HQ4X.fx' in 0.040000 s.
17:08:12:143 [17372] | INFO  | Successfully compiled 'D:\FCCReborn_1.5\bin\reshade-shaders\Shaders\HSLShift.fx' in 0.035000 s.
17:08:12:189 [17372] | INFO  | Successfully compiled 'D:\FCCReborn_1.5\bin\reshade-shaders\Shaders\LevelsPlus.fx' in 0.042000 s.
17:08:12:259 [17372] | INFO  | Successfully compiled 'D:\FCCReborn_1.5\bin\reshade-shaders\Shaders\LightDoF.fx' in 0.066000 s.
17:08:12:419 [17372] | INFO  | Successfully compiled 'D:\FCCReborn_1.5\bin\reshade-shaders\Shaders\MagicBloom.fx' in 0.157000 s.
17:08:12:448 [17372] | INFO  | Successfully compiled 'D:\FCCReborn_1.5\bin\reshade-shaders\Shaders\NightVision.fx' in 0.026000 s.
17:08:12:493 [17372] | INFO  | Successfully compiled 'D:\FCCReborn_1.5\bin\reshade-shaders\Shaders\ReflectiveBumpMapping.fx' in 0.041000 s.
17:08:12:565 [17372] | INFO  | Successfully compiled 'D:\FCCReborn_1.5\bin\reshade-shaders\Shaders\FXShaders\AdaptiveTonemapper.fx' in 0.068000 s.
17:08:12:797 [17372] | INFO  | Successfully compiled 'D:\FCCReborn_1.5\bin\reshade-shaders\Shaders\FXShaders\ArcaneBloom.fx' in 0.229000 s.
17:08:12:843 [17372] | INFO  | Successfully compiled 'D:\FCCReborn_1.5\bin\reshade-shaders\Shaders\FXShaders\ArtisticVignette.fx' in 0.043000 s.
17:08:12:882 [17372] | INFO  | Successfully compiled 'D:\FCCReborn_1.5\bin\reshade-shaders\Shaders\FXShaders\AspectRatioSuite.fx' in 0.035000 s.
17:08:12:922 [17372] | INFO  | Successfully compiled 'D:\FCCReborn_1.5\bin\reshade-shaders\Shaders\FXShaders\Checkerboard.fx' in 0.036000 s.
17:08:12:965 [17372] | INFO  | Successfully compiled 'D:\FCCReborn_1.5\bin\reshade-shaders\Shaders\FXShaders\ColorLab.fx' in 0.039000 s.
17:08:13:025 [17372] | INFO  | Successfully compiled 'D:\FCCReborn_1.5\bin\reshade-shaders\Shaders\FXShaders\CRT_Lottes.fx' in 0.056000 s.
17:08:13:066 [17372] | INFO  | Successfully compiled 'D:\FCCReborn_1.5\bin\reshade-shaders\Shaders\FXShaders\CRT_Yee64.fx' in 0.038000 s.
17:08:13:104 [17372] | INFO  | Successfully compiled 'D:\FCCReborn_1.5\bin\reshade-shaders\Shaders\FXShaders\CRT_Yeetron.fx' in 0.036000 s.
17:08:13:144 [17372] | INFO  | Successfully compiled 'D:\FCCReborn_1.5\bin\reshade-shaders\Shaders\FXShaders\Cursor.fx' in 0.035000 s.
17:08:13:211 [17372] | INFO  | Successfully compiled 'D:\FCCReborn_1.5\bin\reshade-shaders\Shaders\FXShaders\DepthAlpha.fx' in 0.063000 s.
17:08:13:258 [17372] | INFO  | Successfully compiled 'D:\FCCReborn_1.5\bin\reshade-shaders\Shaders\FXShaders\Dither.fx' in 0.043000 s.
17:08:13:308 [17372] | INFO  | Successfully compiled 'D:\FCCReborn_1.5\bin\reshade-shaders\Shaders\FXShaders\Flashlight.fx' in 0.045000 s.
17:08:13:358 [17372] | INFO  | Successfully compiled 'D:\FCCReborn_1.5\bin\reshade-shaders\Shaders\FXShaders\FlexibleCA.fx' in 0.047000 s.
17:08:13:438 [17372] | INFO  | Successfully compiled 'D:\FCCReborn_1.5\bin\reshade-shaders\Shaders\FXShaders\FocalDOF.fx' in 0.075000 s.
17:08:13:504 [17372] | INFO  | Successfully compiled 'D:\FCCReborn_1.5\bin\reshade-shaders\Shaders\FXShaders\FramerateLimiter.fx' in 0.064000 s.
17:08:13:590 [17372] | INFO  | Successfully compiled 'D:\FCCReborn_1.5\bin\reshade-shaders\Shaders\FXShaders\HexLensFlare.fx' in 0.084000 s.
17:08:13:753 [17372] | INFO  | Successfully compiled 'D:\FCCReborn_1.5\bin\reshade-shaders\Shaders\FXShaders\LiquidLens.fx' in 0.160000 s.
17:08:14:020 [17372] | INFO  | Successfully compiled 'D:\FCCReborn_1.5\bin\reshade-shaders\Shaders\FXShaders\MagicHDR.fx' in 0.264000 s.
17:08:14:072 [17372] | INFO  | Successfully compiled 'D:\FCCReborn_1.5\bin\reshade-shaders\Shaders\FXShaders\MBMB.fx' in 0.049000 s.
17:08:14:118 [17372] | INFO  | Successfully compiled 'D:\FCCReborn_1.5\bin\reshade-shaders\Shaders\FXShaders\MinimalColorGrading.fx' in 0.042000 s.
17:08:14:174 [17372] | INFO  | Successfully compiled 'D:\FCCReborn_1.5\bin\reshade-shaders\Shaders\FXShaders\MultiFX.fx' in 0.052000 s.
17:08:14:336 [17372] | INFO  | Successfully compiled 'D:\FCCReborn_1.5\bin\reshade-shaders\Shaders\FXShaders\NeoBloom.fx' in 0.159000 s.
17:08:14:387 [17372] | INFO  | Successfully compiled 'D:\FCCReborn_1.5\bin\reshade-shaders\Shaders\FXShaders\NormalMap.fx' in 0.049000 s.
17:08:14:456 [17372] | INFO  | Successfully compiled 'D:\FCCReborn_1.5\bin\reshade-shaders\Shaders\FXShaders\Overlay.fx' in 0.064000 s.
17:08:14:530 [17372] | INFO  | Successfully compiled 'D:\FCCReborn_1.5\bin\reshade-shaders\Shaders\FXShaders\PiecewiseFilmicTonemap.fx' in 0.071000 s.
17:08:14:641 [17372] | WARN  | Successfully compiled 'D:\FCCReborn_1.5\bin\reshade-shaders\Shaders\FXShaders\Pong.fx' in 0.108000 s with warnings:
D:\FCCReborn_1.5\bin\reshade-shaders\Shaders\FXShaders\FXShaders/Digits.fxh(827, 31): warning X3206: implicit truncation of vector type
D:\FCCReborn_1.5\bin\reshade-shaders\Shaders\FXShaders\Pong.fx(244, 38): warning X3206: implicit truncation of vector type

17:08:14:695 [17372] | INFO  | Successfully compiled 'D:\FCCReborn_1.5\bin\reshade-shaders\Shaders\FXShaders\RetroFog.fx' in 0.052000 s.
17:08:14:739 [17372] | INFO  | Successfully compiled 'D:\FCCReborn_1.5\bin\reshade-shaders\Shaders\FXShaders\SCurve.fx' in 0.040000 s.
17:08:14:829 [17372] | INFO  | Successfully compiled 'D:\FCCReborn_1.5\bin\reshade-shaders\Shaders\FXShaders\Sketch.fx' in 0.086000 s.
17:08:14:916 [17372] | INFO  | Successfully compiled 'D:\FCCReborn_1.5\bin\reshade-shaders\Shaders\FXShaders\TrackingRays.fx' in 0.083000 s.
17:08:15:038 [17372] | INFO  | Successfully compiled 'D:\FCCReborn_1.5\bin\reshade-shaders\Shaders\FXShaders\UnrealLens.fx' in 0.120000 s.
17:08:15:153 [17372] | INFO  | Successfully compiled 'D:\FCCReborn_1.5\bin\reshade-shaders\Shaders\FXShaders\Unsharp.fx' in 0.112000 s.
17:08:15:213 [17372] | INFO  | Successfully compiled 'D:\FCCReborn_1.5\bin\reshade-shaders\Shaders\FXShaders\VirtualResolution.fx' in 0.058000 s.
17:08:15:268 [17372] | INFO  | Successfully compiled 'D:\FCCReborn_1.5\bin\reshade-shaders\Shaders\FXShaders\WhitepointFixer.fx' in 0.052000 s.
17:08:15:370 [17372] | INFO  | Successfully compiled 'D:\FCCReborn_1.5\bin\reshade-shaders\Shaders\METEOR\MartysMods_CHROMATICABERRATION.fx' in 0.099000 s.
17:08:15:549 [17372] | INFO  | Successfully compiled 'D:\FCCReborn_1.5\bin\reshade-shaders\Shaders\METEOR\MartysMods_FILMGRAIN.fx' in 0.176000 s.
17:08:15:642 [17372] | INFO  | Successfully compiled 'D:\FCCReborn_1.5\bin\reshade-shaders\Shaders\METEOR\MartysMods_FLOYDSTEINBERG.fx' in 0.088000 s.
17:08:15:711 [17372] | INFO  | Successfully compiled 'D:\FCCReborn_1.5\bin\reshade-shaders\Shaders\METEOR\MartysMods_HALFTONE.fx' in 0.066000 s.
17:08:15:943 [17372] | INFO  | Successfully compiled 'D:\FCCReborn_1.5\bin\reshade-shaders\Shaders\METEOR\MartysMods_LOCALLAPLACIAN.fx' in 0.229000 s.
17:08:16:086 [17372] | INFO  | Successfully compiled 'D:\FCCReborn_1.5\bin\reshade-shaders\Shaders\METEOR\MartysMods_LONGEXPOSURE.fx' in 0.139000 s.
17:08:16:153 [17372] | INFO  | Successfully compiled 'D:\FCCReborn_1.5\bin\reshade-shaders\Shaders\METEOR\MartysMods_NVSHARPEN.fx' in 0.064000 s.
17:08:16:297 [17372] | INFO  | Successfully compiled 'D:\FCCReborn_1.5\bin\reshade-shaders\Shaders\METEOR\MartysMods_SCENEWEAVER.fx' in 0.140000 s.
17:08:16:358 [17372] | INFO  | Successfully compiled 'D:\FCCReborn_1.5\bin\reshade-shaders\Shaders\METEOR\MartysMods_TODDYHANCER.fx' in 0.059000 s.
17:08:16:408 [17372] | INFO  | Successfully compiled 'D:\FCCReborn_1.5\bin\reshade-shaders\Shaders\Daltonize.fx' in 0.046000 s.
17:08:16:476 [17372] | INFO  | Successfully compiled 'D:\FCCReborn_1.5\bin\reshade-shaders\Shaders\Deband.fx' in 0.064000 s.
17:08:16:624 [17372] | INFO  | Successfully compiled 'D:\FCCReborn_1.5\bin\reshade-shaders\Shaders\DisplayDepth.fx' in 0.145000 s.
17:08:16:669 [17372] | INFO  | Successfully compiled 'D:\FCCReborn_1.5\bin\reshade-shaders\Shaders\LUT.fx' in 0.042000 s.
17:08:16:723 [17372] | INFO  | Successfully compiled 'D:\FCCReborn_1.5\bin\reshade-shaders\Shaders\UIMask.fx' in 0.049000 s.
17:08:16:890 [17372] | INFO  | Successfully compiled 'D:\FCCReborn_1.5\bin\reshade-shaders\Shaders\Bloom.fx' in 0.164000 s.
17:08:19:030 [13952] | INFO  | Resizing image data for texture 'V__lensDBTex' from 1024x576 to 1920x1080.
17:08:19:111 [13952] | INFO  | Resizing image data for texture 'V__lensDB2Tex' from 1024x576 to 1920x1080.
17:08:20:070 [13952] | INFO  | Resizing image data for texture 'V__tMagicBloom_Dirt' from 1024x576 to 589x331.
17:08:55:056 [13952] | INFO  | Resizing device context 000000000D0113EA to 425x231 ...
17:08:55:074 [13952] | INFO  | Destroyed runtime environment on runtime 000001DC12C5CA90 ('D:\FCCReborn_1.5\bin\ReShade.ini').
17:08:55:100 [13952] | INFO  | Recreated runtime environment on runtime 000001DC12C5CA90 ('D:\FCCReborn_1.5\bin\ReShade.ini').
17:08:55:166 [ 3180] | INFO  | Successfully compiled 'D:\FCCReborn_1.5\bin\reshade-shaders\Shaders\SweetFX\ASCII.fx' in 0.057000 s.
17:08:55:210 [ 3180] | INFO  | Successfully compiled 'D:\FCCReborn_1.5\bin\reshade-shaders\Shaders\SweetFX\Border.fx' in 0.041000 s.
17:08:55:261 [ 3180] | INFO  | Successfully compiled 'D:\FCCReborn_1.5\bin\reshade-shaders\Shaders\SweetFX\Cartoon.fx' in 0.048000 s.
17:08:55:310 [ 3180] | INFO  | Successfully compiled 'D:\FCCReborn_1.5\bin\reshade-shaders\Shaders\SweetFX\CAS.fx' in 0.045000 s.
17:08:55:343 [ 3180] | INFO  | Successfully compiled 'D:\FCCReborn_1.5\bin\reshade-shaders\Shaders\SweetFX\ChromaticAberration.fx' in 0.031000 s.
17:08:55:381 [ 3180] | INFO  | Successfully compiled 'D:\FCCReborn_1.5\bin\reshade-shaders\Shaders\SweetFX\ColorMatrix.fx' in 0.033000 s.
17:08:55:446 [ 3180] | INFO  | Successfully compiled 'D:\FCCReborn_1.5\bin\reshade-shaders\Shaders\SweetFX\Compare.fx' in 0.061000 s.
17:08:55:492 [ 3180] | INFO  | Successfully compiled 'D:\FCCReborn_1.5\bin\reshade-shaders\Shaders\SweetFX\CRT.fx' in 0.044000 s.
17:08:55:534 [ 3180] | INFO  | Successfully compiled 'D:\FCCReborn_1.5\bin\reshade-shaders\Shaders\SweetFX\Curves.fx' in 0.038000 s.
17:08:55:575 [ 3180] | INFO  | Successfully compiled 'D:\FCCReborn_1.5\bin\reshade-shaders\Shaders\SweetFX\DPX.fx' in 0.036000 s.
17:08:55:620 [ 3180] | INFO  | Successfully compiled 'D:\FCCReborn_1.5\bin\reshade-shaders\Shaders\SweetFX\FakeHDR.fx' in 0.041000 s.
17:08:55:659 [ 3180] | INFO  | Successfully compiled 'D:\FCCReborn_1.5\bin\reshade-shaders\Shaders\SweetFX\FilmGrain.fx' in 0.037000 s.
17:08:55:737 [ 3180] | INFO  | Successfully compiled 'D:\FCCReborn_1.5\bin\reshade-shaders\Shaders\SweetFX\FXAA.fx' in 0.075000 s.
17:08:55:797 [ 3180] | INFO  | Successfully compiled 'D:\FCCReborn_1.5\bin\reshade-shaders\Shaders\SweetFX\Layer.fx' in 0.056000 s.
17:08:55:848 [ 3180] | INFO  | Successfully compiled 'D:\FCCReborn_1.5\bin\reshade-shaders\Shaders\SweetFX\Levels.fx' in 0.049000 s.
17:08:55:899 [ 3180] | INFO  | Successfully compiled 'D:\FCCReborn_1.5\bin\reshade-shaders\Shaders\SweetFX\LiftGammaGain.fx' in 0.047000 s.
17:08:55:941 [ 3180] | INFO  | Successfully compiled 'D:\FCCReborn_1.5\bin\reshade-shaders\Shaders\SweetFX\LumaSharpen.fx' in 0.039000 s.
17:08:55:978 [ 3180] | INFO  | Successfully compiled 'D:\FCCReborn_1.5\bin\reshade-shaders\Shaders\SweetFX\Monochrome.fx' in 0.033000 s.
17:08:56:036 [ 3180] | INFO  | Successfully compiled 'D:\FCCReborn_1.5\bin\reshade-shaders\Shaders\SweetFX\Nostalgia.fx' in 0.053000 s.
17:08:56:071 [ 3180] | INFO  | Successfully compiled 'D:\FCCReborn_1.5\bin\reshade-shaders\Shaders\SweetFX\Sepia.fx' in 0.032000 s.
17:08:56:199 [ 3180] | INFO  | Successfully compiled 'D:\FCCReborn_1.5\bin\reshade-shaders\Shaders\SweetFX\SMAA.fx' in 0.125000 s.
17:08:56:257 [ 3180] | INFO  | Successfully compiled 'D:\FCCReborn_1.5\bin\reshade-shaders\Shaders\SweetFX\Splitscreen.fx' in 0.054000 s.
17:08:56:299 [ 3180] | INFO  | Successfully compiled 'D:\FCCReborn_1.5\bin\reshade-shaders\Shaders\SweetFX\Technicolor.fx' in 0.039000 s.
17:08:56:353 [ 3180] | INFO  | Successfully compiled 'D:\FCCReborn_1.5\bin\reshade-shaders\Shaders\SweetFX\Technicolor2.fx' in 0.050000 s.
17:08:56:408 [ 3180] | INFO  | Successfully compiled 'D:\FCCReborn_1.5\bin\reshade-shaders\Shaders\SweetFX\Tonemap.fx' in 0.052000 s.
17:08:56:452 [ 3180] | INFO  | Successfully compiled 'D:\FCCReborn_1.5\bin\reshade-shaders\Shaders\SweetFX\Vibrance.fx' in 0.041000 s.
17:08:56:505 [ 3180] | INFO  | Successfully compiled 'D:\FCCReborn_1.5\bin\reshade-shaders\Shaders\SweetFX\Vignette.fx' in 0.050000 s.
17:08:56:578 [ 3180] | INFO  | Successfully compiled 'D:\FCCReborn_1.5\bin\reshade-shaders\Shaders\AdaptiveSharpen.fx' in 0.071000 s.
17:08:56:707 [ 3180] | INFO  | Successfully compiled 'D:\FCCReborn_1.5\bin\reshade-shaders\Shaders\AmbientLight.fx' in 0.125000 s.
17:08:56:764 [ 3180] | INFO  | Successfully compiled 'D:\FCCReborn_1.5\bin\reshade-shaders\Shaders\Colourfulness.fx' in 0.054000 s.
17:08:56:812 [ 3180] | INFO  | Successfully compiled 'D:\FCCReborn_1.5\bin\reshade-shaders\Shaders\Denoise.fx' in 0.045000 s.
17:08:57:045 [ 3180] | INFO  | Successfully compiled 'D:\FCCReborn_1.5\bin\reshade-shaders\Shaders\DOF.fx' in 0.229000 s.
17:08:57:103 [ 3180] | INFO  | Successfully compiled 'D:\FCCReborn_1.5\bin\reshade-shaders\Shaders\FakeMotionBlur.fx' in 0.055000 s.
17:08:57:149 [ 3180] | INFO  | Successfully compiled 'D:\FCCReborn_1.5\bin\reshade-shaders\Shaders\FilmGrain2.fx' in 0.043000 s.
17:08:57:194 [ 3180] | INFO  | Successfully compiled 'D:\FCCReborn_1.5\bin\reshade-shaders\Shaders\FilmicPass.fx' in 0.042000 s.
17:08:57:290 [ 3180] | INFO  | Successfully compiled 'D:\FCCReborn_1.5\bin\reshade-shaders\Shaders\FineSharp.fx' in 0.093000 s.
17:08:57:349 [ 3180] | INFO  | Successfully compiled 'D:\FCCReborn_1.5\bin\reshade-shaders\Shaders\GaussianBlur.fx' in 0.055000 s.
17:08:57:390 [ 3180] | INFO  | Successfully compiled 'D:\FCCReborn_1.5\bin\reshade-shaders\Shaders\Glitch.fx' in 0.038000 s.
17:08:57:433 [ 3180] | INFO  | Successfully compiled 'D:\FCCReborn_1.5\bin\reshade-shaders\Shaders\HighPassSharpen.fx' in 0.039000 s.
17:08:57:473 [ 3180] | INFO  | Successfully compiled 'D:\FCCReborn_1.5\bin\reshade-shaders\Shaders\HQ4X.fx' in 0.037000 s.
17:08:57:513 [ 3180] | INFO  | Successfully compiled 'D:\FCCReborn_1.5\bin\reshade-shaders\Shaders\HSLShift.fx' in 0.036000 s.
17:08:57:562 [ 3180] | INFO  | Successfully compiled 'D:\FCCReborn_1.5\bin\reshade-shaders\Shaders\LevelsPlus.fx' in 0.045000 s.
17:08:57:652 [ 3180] | INFO  | Successfully compiled 'D:\FCCReborn_1.5\bin\reshade-shaders\Shaders\LightDoF.fx' in 0.086000 s.
17:08:57:802 [ 3180] | INFO  | Successfully compiled 'D:\FCCReborn_1.5\bin\reshade-shaders\Shaders\MagicBloom.fx' in 0.148000 s.
17:08:57:839 [ 3180] | INFO  | Successfully compiled 'D:\FCCReborn_1.5\bin\reshade-shaders\Shaders\NightVision.fx' in 0.033000 s.
17:08:57:899 [ 3180] | INFO  | Successfully compiled 'D:\FCCReborn_1.5\bin\reshade-shaders\Shaders\ReflectiveBumpMapping.fx' in 0.057000 s.
17:08:57:986 [ 3180] | INFO  | Successfully compiled 'D:\FCCReborn_1.5\bin\reshade-shaders\Shaders\FXShaders\AdaptiveTonemapper.fx' in 0.082000 s.
17:08:58:286 [ 3180] | INFO  | Successfully compiled 'D:\FCCReborn_1.5\bin\reshade-shaders\Shaders\FXShaders\ArcaneBloom.fx' in 0.297000 s.
17:08:58:327 [ 3180] | INFO  | Successfully compiled 'D:\FCCReborn_1.5\bin\reshade-shaders\Shaders\FXShaders\ArtisticVignette.fx' in 0.038000 s.
17:08:58:372 [ 3180] | INFO  | Successfully compiled 'D:\FCCReborn_1.5\bin\reshade-shaders\Shaders\FXShaders\AspectRatioSuite.fx' in 0.042000 s.
17:08:58:404 [ 3180] | INFO  | Successfully compiled 'D:\FCCReborn_1.5\bin\reshade-shaders\Shaders\FXShaders\Checkerboard.fx' in 0.029000 s.
17:08:58:469 [ 3180] | INFO  | Successfully compiled 'D:\FCCReborn_1.5\bin\reshade-shaders\Shaders\FXShaders\ColorLab.fx' in 0.044000 s.
17:08:58:554 [ 3180] | INFO  | Successfully compiled 'D:\FCCReborn_1.5\bin\reshade-shaders\Shaders\FXShaders\CRT_Lottes.fx' in 0.061000 s.
17:08:58:619 [ 3180] | INFO  | Successfully compiled 'D:\FCCReborn_1.5\bin\reshade-shaders\Shaders\FXShaders\CRT_Yee64.fx' in 0.040000 s.
17:08:58:685 [ 3180] | INFO  | Successfully compiled 'D:\FCCReborn_1.5\bin\reshade-shaders\Shaders\FXShaders\CRT_Yeetron.fx' in 0.043000 s.
17:08:58:746 [ 3180] | INFO  | Successfully compiled 'D:\FCCReborn_1.5\bin\reshade-shaders\Shaders\FXShaders\Cursor.fx' in 0.038000 s.
17:08:58:812 [ 3180] | INFO  | Successfully compiled 'D:\FCCReborn_1.5\bin\reshade-shaders\Shaders\FXShaders\DepthAlpha.fx' in 0.043000 s.
17:08:58:873 [ 3180] | INFO  | Successfully compiled 'D:\FCCReborn_1.5\bin\reshade-shaders\Shaders\FXShaders\Dither.fx' in 0.037000 s.
17:08:58:929 [ 3180] | INFO  | Successfully compiled 'D:\FCCReborn_1.5\bin\reshade-shaders\Shaders\FXShaders\Flashlight.fx' in 0.034000 s.
17:08:58:984 [ 3180] | INFO  | Successfully compiled 'D:\FCCReborn_1.5\bin\reshade-shaders\Shaders\FXShaders\FlexibleCA.fx' in 0.031000 s.
17:08:59:068 [ 3180] | INFO  | Successfully compiled 'D:\FCCReborn_1.5\bin\reshade-shaders\Shaders\FXShaders\FocalDOF.fx' in 0.061000 s.
17:08:59:144 [ 3180] | INFO  | Successfully compiled 'D:\FCCReborn_1.5\bin\reshade-shaders\Shaders\FXShaders\FramerateLimiter.fx' in 0.054000 s.
17:08:59:240 [ 3180] | INFO  | Successfully compiled 'D:\FCCReborn_1.5\bin\reshade-shaders\Shaders\FXShaders\HexLensFlare.fx' in 0.072000 s.
17:08:59:349 [ 3180] | INFO  | Successfully compiled 'D:\FCCReborn_1.5\bin\reshade-shaders\Shaders\FXShaders\LiquidLens.fx' in 0.087000 s.
17:08:59:632 [ 3180] | INFO  | Successfully compiled 'D:\FCCReborn_1.5\bin\reshade-shaders\Shaders\FXShaders\MagicHDR.fx' in 0.260000 s.
17:08:59:698 [ 3180] | INFO  | Successfully compiled 'D:\FCCReborn_1.5\bin\reshade-shaders\Shaders\FXShaders\MBMB.fx' in 0.044000 s.
17:08:59:767 [ 3180] | INFO  | Successfully compiled 'D:\FCCReborn_1.5\bin\reshade-shaders\Shaders\FXShaders\MinimalColorGrading.fx' in 0.044000 s.
17:08:59:827 [ 3180] | INFO  | Successfully compiled 'D:\FCCReborn_1.5\bin\reshade-shaders\Shaders\FXShaders\MultiFX.fx' in 0.037000 s.
17:08:59:990 [ 3180] | INFO  | Successfully compiled 'D:\FCCReborn_1.5\bin\reshade-shaders\Shaders\FXShaders\NeoBloom.fx' in 0.139000 s.
17:09:00:083 [ 3180] | INFO  | Successfully compiled 'D:\FCCReborn_1.5\bin\reshade-shaders\Shaders\FXShaders\NormalMap.fx' in 0.070000 s.
17:09:00:141 [ 3180] | INFO  | Successfully compiled 'D:\FCCReborn_1.5\bin\reshade-shaders\Shaders\FXShaders\Overlay.fx' in 0.035000 s.
17:09:00:486 [ 3180] | INFO  | Successfully compiled 'D:\FCCReborn_1.5\bin\reshade-shaders\Shaders\FXShaders\PiecewiseFilmicTonemap.fx' in 0.061000 s.
17:09:00:675 [ 3180] | WARN  | Successfully compiled 'D:\FCCReborn_1.5\bin\reshade-shaders\Shaders\FXShaders\Pong.fx' in 0.078000 s with warnings:
D:\FCCReborn_1.5\bin\reshade-shaders\Shaders\FXShaders\FXShaders/Digits.fxh(827, 31): warning X3206: implicit truncation of vector type
D:\FCCReborn_1.5\bin\reshade-shaders\Shaders\FXShaders\Pong.fx(244, 38): warning X3206: implicit truncation of vector type

17:09:00:794 [ 3180] | INFO  | Successfully compiled 'D:\FCCReborn_1.5\bin\reshade-shaders\Shaders\FXShaders\RetroFog.fx' in 0.043000 s.
17:09:00:907 [ 3180] | INFO  | Successfully compiled 'D:\FCCReborn_1.5\bin\reshade-shaders\Shaders\FXShaders\SCurve.fx' in 0.028000 s.
17:09:01:052 [ 3180] | INFO  | Successfully compiled 'D:\FCCReborn_1.5\bin\reshade-shaders\Shaders\FXShaders\Sketch.fx' in 0.072000 s.
17:09:01:140 [ 3180] | INFO  | Successfully compiled 'D:\FCCReborn_1.5\bin\reshade-shaders\Shaders\FXShaders\TrackingRays.fx' in 0.065000 s.
17:09:01:278 [ 3180] | INFO  | Successfully compiled 'D:\FCCReborn_1.5\bin\reshade-shaders\Shaders\FXShaders\UnrealLens.fx' in 0.115000 s.
17:09:01:405 [ 3180] | INFO  | Successfully compiled 'D:\FCCReborn_1.5\bin\reshade-shaders\Shaders\FXShaders\Unsharp.fx' in 0.104000 s.
17:09:01:485 [ 3180] | INFO  | Successfully compiled 'D:\FCCReborn_1.5\bin\reshade-shaders\Shaders\FXShaders\VirtualResolution.fx' in 0.058000 s.
17:09:01:545 [ 3180] | INFO  | Successfully compiled 'D:\FCCReborn_1.5\bin\reshade-shaders\Shaders\FXShaders\WhitepointFixer.fx' in 0.037000 s.
17:09:01:635 [ 3180] | INFO  | Successfully compiled 'D:\FCCReborn_1.5\bin\reshade-shaders\Shaders\METEOR\MartysMods_CHROMATICABERRATION.fx' in 0.067000 s.
17:09:01:778 [ 3180] | INFO  | Successfully compiled 'D:\FCCReborn_1.5\bin\reshade-shaders\Shaders\METEOR\MartysMods_FILMGRAIN.fx' in 0.120000 s.
17:09:01:874 [ 3180] | INFO  | Successfully compiled 'D:\FCCReborn_1.5\bin\reshade-shaders\Shaders\METEOR\MartysMods_FLOYDSTEINBERG.fx' in 0.073000 s.
17:09:01:957 [ 3180] | INFO  | Successfully compiled 'D:\FCCReborn_1.5\bin\reshade-shaders\Shaders\METEOR\MartysMods_HALFTONE.fx' in 0.059000 s.
17:09:02:166 [ 3180] | INFO  | Successfully compiled 'D:\FCCReborn_1.5\bin\reshade-shaders\Shaders\METEOR\MartysMods_LOCALLAPLACIAN.fx' in 0.186000 s.
17:09:02:310 [ 3180] | INFO  | Successfully compiled 'D:\FCCReborn_1.5\bin\reshade-shaders\Shaders\METEOR\MartysMods_LONGEXPOSURE.fx' in 0.121000 s.
17:09:02:387 [ 3180] | INFO  | Successfully compiled 'D:\FCCReborn_1.5\bin\reshade-shaders\Shaders\METEOR\MartysMods_NVSHARPEN.fx' in 0.054000 s.
17:09:02:547 [ 3180] | INFO  | Successfully compiled 'D:\FCCReborn_1.5\bin\reshade-shaders\Shaders\METEOR\MartysMods_SCENEWEAVER.fx' in 0.137000 s.
17:09:02:621 [ 3180] | INFO  | Successfully compiled 'D:\FCCReborn_1.5\bin\reshade-shaders\Shaders\METEOR\MartysMods_TODDYHANCER.fx' in 0.050000 s.
17:09:02:679 [ 3180] | INFO  | Successfully compiled 'D:\FCCReborn_1.5\bin\reshade-shaders\Shaders\Daltonize.fx' in 0.034000 s.
17:09:02:751 [ 3180] | INFO  | Successfully compiled 'D:\FCCReborn_1.5\bin\reshade-shaders\Shaders\Deband.fx' in 0.049000 s.
17:09:02:820 [ 3180] | INFO  | Successfully compiled 'D:\FCCReborn_1.5\bin\reshade-shaders\Shaders\DisplayDepth.fx' in 0.046000 s.
17:09:02:969 [ 3180] | INFO  | Successfully compiled 'D:\FCCReborn_1.5\bin\reshade-shaders\Shaders\LUT.fx' in 0.125000 s.
17:09:03:400 [ 3180] | INFO  | Successfully compiled 'D:\FCCReborn_1.5\bin\reshade-shaders\Shaders\UIMask.fx' in 0.053000 s.
17:09:03:652 [ 3180] | INFO  | Successfully compiled 'D:\FCCReborn_1.5\bin\reshade-shaders\Shaders\Bloom.fx' in 0.150000 s.
17:09:05:633 [13952] | INFO  | Resizing image data for texture 'V__lensDBTex' from 1024x576 to 1920x1080.
17:09:05:781 [13952] | INFO  | Resizing image data for texture 'V__lensDB2Tex' from 1024x576 to 1920x1080.
17:09:06:679 [13952] | INFO  | Resizing image data for texture 'V__tMagicBloom_Dirt' from 1024x576 to 425x231.
17:09:29:808 [13952] | INFO  | Resizing device context 000000000D0113EA to 596x335 ...
17:09:29:886 [13952] | INFO  | Destroyed runtime environment on runtime 000001DC12C5CA90 ('D:\FCCReborn_1.5\bin\ReShade.ini').
17:09:30:022 [13952] | INFO  | Recreated runtime environment on runtime 000001DC12C5CA90 ('D:\FCCReborn_1.5\bin\ReShade.ini').
17:09:30:210 [16640] | INFO  | Successfully compiled 'D:\FCCReborn_1.5\bin\reshade-shaders\Shaders\SweetFX\ASCII.fx' in 0.075000 s.
17:09:30:290 [16640] | INFO  | Successfully compiled 'D:\FCCReborn_1.5\bin\reshade-shaders\Shaders\SweetFX\Border.fx' in 0.032000 s.
17:09:30:326 [16640] | INFO  | Successfully compiled 'D:\FCCReborn_1.5\bin\reshade-shaders\Shaders\SweetFX\Cartoon.fx' in 0.033000 s.
17:09:30:374 [16640] | INFO  | Successfully compiled 'D:\FCCReborn_1.5\bin\reshade-shaders\Shaders\SweetFX\CAS.fx' in 0.045000 s.
17:09:30:433 [16640] | INFO  | Successfully compiled 'D:\FCCReborn_1.5\bin\reshade-shaders\Shaders\SweetFX\ChromaticAberration.fx' in 0.056000 s.
17:09:30:512 [16640] | INFO  | Successfully compiled 'D:\FCCReborn_1.5\bin\reshade-shaders\Shaders\SweetFX\ColorMatrix.fx' in 0.076000 s.
17:09:30:617 [16640] | INFO  | Successfully compiled 'D:\FCCReborn_1.5\bin\reshade-shaders\Shaders\SweetFX\Compare.fx' in 0.102000 s.
17:09:30:680 [16640] | INFO  | Successfully compiled 'D:\FCCReborn_1.5\bin\reshade-shaders\Shaders\SweetFX\CRT.fx' in 0.062000 s.
17:09:30:728 [16640] | INFO  | Successfully compiled 'D:\FCCReborn_1.5\bin\reshade-shaders\Shaders\SweetFX\Curves.fx' in 0.045000 s.
17:09:30:771 [16640] | INFO  | Successfully compiled 'D:\FCCReborn_1.5\bin\reshade-shaders\Shaders\SweetFX\DPX.fx' in 0.040000 s.
17:09:30:820 [16640] | INFO  | Successfully compiled 'D:\FCCReborn_1.5\bin\reshade-shaders\Shaders\SweetFX\FakeHDR.fx' in 0.046000 s.
17:09:30:887 [16640] | INFO  | Successfully compiled 'D:\FCCReborn_1.5\bin\reshade-shaders\Shaders\SweetFX\FilmGrain.fx' in 0.065000 s.
17:09:30:983 [16640] | INFO  | Successfully compiled 'D:\FCCReborn_1.5\bin\reshade-shaders\Shaders\SweetFX\FXAA.fx' in 0.093000 s.
17:09:31:025 [16640] | INFO  | Successfully compiled 'D:\FCCReborn_1.5\bin\reshade-shaders\Shaders\SweetFX\Layer.fx' in 0.039000 s.
17:09:31:074 [16640] | INFO  | Successfully compiled 'D:\FCCReborn_1.5\bin\reshade-shaders\Shaders\SweetFX\Levels.fx' in 0.046000 s.
17:09:31:111 [16640] | INFO  | Successfully compiled 'D:\FCCReborn_1.5\bin\reshade-shaders\Shaders\SweetFX\LiftGammaGain.fx' in 0.034000 s.
17:09:31:165 [16640] | INFO  | Successfully compiled 'D:\FCCReborn_1.5\bin\reshade-shaders\Shaders\SweetFX\LumaSharpen.fx' in 0.051000 s.
17:09:31:201 [16640] | INFO  | Successfully compiled 'D:\FCCReborn_1.5\bin\reshade-shaders\Shaders\SweetFX\Monochrome.fx' in 0.034000 s.
17:09:31:256 [16640] | INFO  | Successfully compiled 'D:\FCCReborn_1.5\bin\reshade-shaders\Shaders\SweetFX\Nostalgia.fx' in 0.051000 s.
17:09:31:290 [16640] | INFO  | Successfully compiled 'D:\FCCReborn_1.5\bin\reshade-shaders\Shaders\SweetFX\Sepia.fx' in 0.032000 s.
17:09:31:465 [16640] | INFO  | Successfully compiled 'D:\FCCReborn_1.5\bin\reshade-shaders\Shaders\SweetFX\SMAA.fx' in 0.171000 s.
17:09:31:518 [16640] | INFO  | Successfully compiled 'D:\FCCReborn_1.5\bin\reshade-shaders\Shaders\SweetFX\Splitscreen.fx' in 0.049000 s.
17:09:31:565 [16640] | INFO  | Successfully compiled 'D:\FCCReborn_1.5\bin\reshade-shaders\Shaders\SweetFX\Technicolor.fx' in 0.044000 s.
17:09:31:618 [16640] | INFO  | Successfully compiled 'D:\FCCReborn_1.5\bin\reshade-shaders\Shaders\SweetFX\Technicolor2.fx' in 0.050000 s.
17:09:31:659 [16640] | INFO  | Successfully compiled 'D:\FCCReborn_1.5\bin\reshade-shaders\Shaders\SweetFX\Tonemap.fx' in 0.038000 s.
17:09:31:693 [16640] | INFO  | Successfully compiled 'D:\FCCReborn_1.5\bin\reshade-shaders\Shaders\SweetFX\Vibrance.fx' in 0.031000 s.
17:09:31:733 [16640] | INFO  | Successfully compiled 'D:\FCCReborn_1.5\bin\reshade-shaders\Shaders\SweetFX\Vignette.fx' in 0.037000 s.
17:09:31:807 [16640] | INFO  | Successfully compiled 'D:\FCCReborn_1.5\bin\reshade-shaders\Shaders\AdaptiveSharpen.fx' in 0.071000 s.
17:09:31:932 [16640] | INFO  | Successfully compiled 'D:\FCCReborn_1.5\bin\reshade-shaders\Shaders\AmbientLight.fx' in 0.122000 s.
17:09:31:978 [16640] | INFO  | Successfully compiled 'D:\FCCReborn_1.5\bin\reshade-shaders\Shaders\Colourfulness.fx' in 0.044000 s.
17:09:32:022 [16640] | INFO  | Successfully compiled 'D:\FCCReborn_1.5\bin\reshade-shaders\Shaders\Denoise.fx' in 0.042000 s.
17:09:32:252 [16640] | INFO  | Successfully compiled 'D:\FCCReborn_1.5\bin\reshade-shaders\Shaders\DOF.fx' in 0.227000 s.
17:09:32:306 [16640] | INFO  | Successfully compiled 'D:\FCCReborn_1.5\bin\reshade-shaders\Shaders\FakeMotionBlur.fx' in 0.051000 s.
17:09:32:349 [16640] | INFO  | Successfully compiled 'D:\FCCReborn_1.5\bin\reshade-shaders\Shaders\FilmGrain2.fx' in 0.041000 s.
17:09:32:404 [16640] | INFO  | Successfully compiled 'D:\FCCReborn_1.5\bin\reshade-shaders\Shaders\FilmicPass.fx' in 0.051000 s.
17:09:32:506 [16640] | INFO  | Successfully compiled 'D:\FCCReborn_1.5\bin\reshade-shaders\Shaders\FineSharp.fx' in 0.100000 s.
17:09:32:566 [16640] | INFO  | Successfully compiled 'D:\FCCReborn_1.5\bin\reshade-shaders\Shaders\GaussianBlur.fx' in 0.057000 s.
17:09:32:612 [16640] | INFO  | Successfully compiled 'D:\FCCReborn_1.5\bin\reshade-shaders\Shaders\Glitch.fx' in 0.043000 s.
17:09:32:663 [16640] | INFO  | Successfully compiled 'D:\FCCReborn_1.5\bin\reshade-shaders\Shaders\HighPassSharpen.fx' in 0.050000 s.
17:09:32:709 [16640] | INFO  | Successfully compiled 'D:\FCCReborn_1.5\bin\reshade-shaders\Shaders\HQ4X.fx' in 0.043000 s.
17:09:32:753 [16640] | INFO  | Successfully compiled 'D:\FCCReborn_1.5\bin\reshade-shaders\Shaders\HSLShift.fx' in 0.041000 s.
17:09:32:802 [16640] | INFO  | Successfully compiled 'D:\FCCReborn_1.5\bin\reshade-shaders\Shaders\LevelsPlus.fx' in 0.047000 s.
17:09:32:907 [16640] | INFO  | Successfully compiled 'D:\FCCReborn_1.5\bin\reshade-shaders\Shaders\LightDoF.fx' in 0.100000 s.
17:09:33:068 [16640] | INFO  | Successfully compiled 'D:\FCCReborn_1.5\bin\reshade-shaders\Shaders\MagicBloom.fx' in 0.158000 s.
17:09:33:107 [16640] | INFO  | Successfully compiled 'D:\FCCReborn_1.5\bin\reshade-shaders\Shaders\NightVision.fx' in 0.037000 s.
17:09:33:160 [16640] | INFO  | Successfully compiled 'D:\FCCReborn_1.5\bin\reshade-shaders\Shaders\ReflectiveBumpMapping.fx' in 0.050000 s.
17:09:33:245 [16640] | INFO  | Successfully compiled 'D:\FCCReborn_1.5\bin\reshade-shaders\Shaders\FXShaders\AdaptiveTonemapper.fx' in 0.084000 s.
17:09:33:539 [16640] | INFO  | Successfully compiled 'D:\FCCReborn_1.5\bin\reshade-shaders\Shaders\FXShaders\ArcaneBloom.fx' in 0.292000 s.
17:09:33:586 [16640] | INFO  | Successfully compiled 'D:\FCCReborn_1.5\bin\reshade-shaders\Shaders\FXShaders\ArtisticVignette.fx' in 0.043000 s.
17:09:33:644 [16640] | INFO  | Successfully compiled 'D:\FCCReborn_1.5\bin\reshade-shaders\Shaders\FXShaders\AspectRatioSuite.fx' in 0.056000 s.
17:09:33:689 [16640] | INFO  | Successfully compiled 'D:\FCCReborn_1.5\bin\reshade-shaders\Shaders\FXShaders\Checkerboard.fx' in 0.044000 s.
17:09:33:740 [16640] | INFO  | Successfully compiled 'D:\FCCReborn_1.5\bin\reshade-shaders\Shaders\FXShaders\ColorLab.fx' in 0.047000 s.
17:09:33:811 [16640] | INFO  | Successfully compiled 'D:\FCCReborn_1.5\bin\reshade-shaders\Shaders\FXShaders\CRT_Lottes.fx' in 0.070000 s.
17:09:33:878 [16640] | INFO  | Successfully compiled 'D:\FCCReborn_1.5\bin\reshade-shaders\Shaders\FXShaders\CRT_Yee64.fx' in 0.065000 s.
17:09:33:925 [16640] | INFO  | Successfully compiled 'D:\FCCReborn_1.5\bin\reshade-shaders\Shaders\FXShaders\CRT_Yeetron.fx' in 0.046000 s.
17:09:33:964 [16640] | INFO  | Successfully compiled 'D:\FCCReborn_1.5\bin\reshade-shaders\Shaders\FXShaders\Cursor.fx' in 0.037000 s.
17:09:34:018 [16640] | INFO  | Successfully compiled 'D:\FCCReborn_1.5\bin\reshade-shaders\Shaders\FXShaders\DepthAlpha.fx' in 0.052000 s.
17:09:34:061 [16640] | INFO  | Successfully compiled 'D:\FCCReborn_1.5\bin\reshade-shaders\Shaders\FXShaders\Dither.fx' in 0.041000 s.
17:09:34:101 [16640] | INFO  | Successfully compiled 'D:\FCCReborn_1.5\bin\reshade-shaders\Shaders\FXShaders\Flashlight.fx' in 0.039000 s.
17:09:34:144 [16640] | INFO  | Successfully compiled 'D:\FCCReborn_1.5\bin\reshade-shaders\Shaders\FXShaders\FlexibleCA.fx' in 0.040000 s.
17:09:34:248 [16640] | INFO  | Successfully compiled 'D:\FCCReborn_1.5\bin\reshade-shaders\Shaders\FXShaders\FocalDOF.fx' in 0.101000 s.
17:09:34:320 [16640] | INFO  | Successfully compiled 'D:\FCCReborn_1.5\bin\reshade-shaders\Shaders\FXShaders\FramerateLimiter.fx' in 0.071000 s.
17:09:34:430 [16640] | INFO  | Successfully compiled 'D:\FCCReborn_1.5\bin\reshade-shaders\Shaders\FXShaders\HexLensFlare.fx' in 0.109000 s.
17:09:34:552 [16640] | INFO  | Successfully compiled 'D:\FCCReborn_1.5\bin\reshade-shaders\Shaders\FXShaders\LiquidLens.fx' in 0.121000 s.
17:09:34:918 [16640] | INFO  | Successfully compiled 'D:\FCCReborn_1.5\bin\reshade-shaders\Shaders\FXShaders\MagicHDR.fx' in 0.365000 s.
17:09:34:981 [16640] | INFO  | Successfully compiled 'D:\FCCReborn_1.5\bin\reshade-shaders\Shaders\FXShaders\MBMB.fx' in 0.060000 s.
17:09:35:026 [16640] | INFO  | Successfully compiled 'D:\FCCReborn_1.5\bin\reshade-shaders\Shaders\FXShaders\MinimalColorGrading.fx' in 0.044000 s.
17:09:35:082 [16640] | INFO  | Successfully compiled 'D:\FCCReborn_1.5\bin\reshade-shaders\Shaders\FXShaders\MultiFX.fx' in 0.054000 s.
17:09:35:238 [16640] | INFO  | Successfully compiled 'D:\FCCReborn_1.5\bin\reshade-shaders\Shaders\FXShaders\NeoBloom.fx' in 0.156000 s.
17:09:35:284 [16640] | INFO  | Successfully compiled 'D:\FCCReborn_1.5\bin\reshade-shaders\Shaders\FXShaders\NormalMap.fx' in 0.041000 s.
17:09:35:333 [16640] | INFO  | Successfully compiled 'D:\FCCReborn_1.5\bin\reshade-shaders\Shaders\FXShaders\Overlay.fx' in 0.046000 s.
17:09:35:401 [16640] | INFO  | Successfully compiled 'D:\FCCReborn_1.5\bin\reshade-shaders\Shaders\FXShaders\PiecewiseFilmicTonemap.fx' in 0.066000 s.
17:09:35:489 [16640] | WARN  | Successfully compiled 'D:\FCCReborn_1.5\bin\reshade-shaders\Shaders\FXShaders\Pong.fx' in 0.087000 s with warnings:
D:\FCCReborn_1.5\bin\reshade-shaders\Shaders\FXShaders\FXShaders/Digits.fxh(827, 31): warning X3206: implicit truncation of vector type
D:\FCCReborn_1.5\bin\reshade-shaders\Shaders\FXShaders\Pong.fx(244, 38): warning X3206: implicit truncation of vector type

17:09:35:534 [16640] | INFO  | Successfully compiled 'D:\FCCReborn_1.5\bin\reshade-shaders\Shaders\FXShaders\RetroFog.fx' in 0.044000 s.
17:09:35:578 [16640] | INFO  | Successfully compiled 'D:\FCCReborn_1.5\bin\reshade-shaders\Shaders\FXShaders\SCurve.fx' in 0.039000 s.
17:09:35:660 [16640] | INFO  | Successfully compiled 'D:\FCCReborn_1.5\bin\reshade-shaders\Shaders\FXShaders\Sketch.fx' in 0.080000 s.
17:09:35:769 [16640] | INFO  | Successfully compiled 'D:\FCCReborn_1.5\bin\reshade-shaders\Shaders\FXShaders\TrackingRays.fx' in 0.107000 s.
17:09:35:917 [16640] | INFO  | Successfully compiled 'D:\FCCReborn_1.5\bin\reshade-shaders\Shaders\FXShaders\UnrealLens.fx' in 0.146000 s.
17:09:36:038 [16640] | INFO  | Successfully compiled 'D:\FCCReborn_1.5\bin\reshade-shaders\Shaders\FXShaders\Unsharp.fx' in 0.119000 s.
17:09:36:089 [16640] | INFO  | Successfully compiled 'D:\FCCReborn_1.5\bin\reshade-shaders\Shaders\FXShaders\VirtualResolution.fx' in 0.049000 s.
17:09:36:133 [16640] | INFO  | Successfully compiled 'D:\FCCReborn_1.5\bin\reshade-shaders\Shaders\FXShaders\WhitepointFixer.fx' in 0.043000 s.
17:09:36:206 [16640] | INFO  | Successfully compiled 'D:\FCCReborn_1.5\bin\reshade-shaders\Shaders\METEOR\MartysMods_CHROMATICABERRATION.fx' in 0.071000 s.
17:09:36:347 [16640] | INFO  | Successfully compiled 'D:\FCCReborn_1.5\bin\reshade-shaders\Shaders\METEOR\MartysMods_FILMGRAIN.fx' in 0.139000 s.
17:09:36:430 [16640] | INFO  | Successfully compiled 'D:\FCCReborn_1.5\bin\reshade-shaders\Shaders\METEOR\MartysMods_FLOYDSTEINBERG.fx' in 0.080000 s.
17:09:36:499 [16640] | INFO  | Successfully compiled 'D:\FCCReborn_1.5\bin\reshade-shaders\Shaders\METEOR\MartysMods_HALFTONE.fx' in 0.067000 s.
17:09:36:739 [16640] | INFO  | Successfully compiled 'D:\FCCReborn_1.5\bin\reshade-shaders\Shaders\METEOR\MartysMods_LOCALLAPLACIAN.fx' in 0.237000 s.
17:09:36:872 [16640] | INFO  | Successfully compiled 'D:\FCCReborn_1.5\bin\reshade-shaders\Shaders\METEOR\MartysMods_LONGEXPOSURE.fx' in 0.131000 s.
17:09:36:929 [16640] | INFO  | Successfully compiled 'D:\FCCReborn_1.5\bin\reshade-shaders\Shaders\METEOR\MartysMods_NVSHARPEN.fx' in 0.055000 s.
17:09:37:085 [16640] | INFO  | Successfully compiled 'D:\FCCReborn_1.5\bin\reshade-shaders\Shaders\METEOR\MartysMods_SCENEWEAVER.fx' in 0.154000 s.
17:09:37:148 [16640] | INFO  | Successfully compiled 'D:\FCCReborn_1.5\bin\reshade-shaders\Shaders\METEOR\MartysMods_TODDYHANCER.fx' in 0.061000 s.
17:09:37:191 [16640] | INFO  | Successfully compiled 'D:\FCCReborn_1.5\bin\reshade-shaders\Shaders\Daltonize.fx' in 0.040000 s.
17:09:37:237 [16640] | INFO  | Successfully compiled 'D:\FCCReborn_1.5\bin\reshade-shaders\Shaders\Deband.fx' in 0.045000 s.
17:09:37:278 [16640] | INFO  | Successfully compiled 'D:\FCCReborn_1.5\bin\reshade-shaders\Shaders\DisplayDepth.fx' in 0.038000 s.
17:09:37:317 [16640] | INFO  | Successfully compiled 'D:\FCCReborn_1.5\bin\reshade-shaders\Shaders\LUT.fx' in 0.038000 s.
17:09:37:363 [16640] | INFO  | Successfully compiled 'D:\FCCReborn_1.5\bin\reshade-shaders\Shaders\UIMask.fx' in 0.043000 s.
17:09:37:603 [16640] | INFO  | Successfully compiled 'D:\FCCReborn_1.5\bin\reshade-shaders\Shaders\Bloom.fx' in 0.239000 s.
17:09:39:546 [13952] | INFO  | Resizing image data for texture 'V__lensDBTex' from 1024x576 to 1920x1080.
17:09:39:612 [13952] | INFO  | Resizing image data for texture 'V__lensDB2Tex' from 1024x576 to 1920x1080.
17:09:40:435 [13952] | INFO  | Resizing image data for texture 'V__tMagicBloom_Dirt' from 1024x576 to 596x335.
17:11:05:337 [13952] | INFO  | Resizing image data for texture 'V__texDirt' from 1024x576 to 1920x1080.
17:18:58:894 [13952] | INFO  | Exiting ...
17:18:58:919 [13952] | INFO  | Uninstalling 563 hook(s) ...
17:19:00:044 [13952] | INFO  | Finished exiting.
